Archive member included to satisfy reference by file (symbol)

/usr/lib/gcc/arm-none-eabi/14.2.1/thumb/v8-m.main+fp/softfp/libgcc.a(_arm_addsubdf3.o)
                              CMakeFiles/perigee.dir/app/main.c.o (__aeabi_f2d)
/usr/lib/gcc/arm-none-eabi/14.2.1/thumb/v8-m.main+fp/softfp/libgcc.a(_aeabi_ldivmod.o)
                              CMakeFiles/perigee.dir/home/lking/pico-sdk/src/common/pico_time/time.c.o (__aeabi_ldivmod)
/usr/lib/gcc/arm-none-eabi/14.2.1/thumb/v8-m.main+fp/softfp/libgcc.a(_aeabi_uldivmod.o)
                              CMakeFiles/perigee.dir/app/main.c.o (__aeabi_uldivmod)
/usr/lib/gcc/arm-none-eabi/14.2.1/thumb/v8-m.main+fp/softfp/libgcc.a(_popcountsi2.o)
                              CMakeFiles/perigee.dir/lib/littlefs-lib/lfs.c.o (__popcountsi2)
/usr/lib/gcc/arm-none-eabi/14.2.1/thumb/v8-m.main+fp/softfp/libgcc.a(_udivmoddi4.o)
                              /usr/lib/gcc/arm-none-eabi/14.2.1/thumb/v8-m.main+fp/softfp/libgcc.a(_aeabi_ldivmod.o) (__udivmoddi4)
/usr/lib/gcc/arm-none-eabi/14.2.1/thumb/v8-m.main+fp/softfp/libgcc.a(_dvmd_tls.o)
                              /usr/lib/gcc/arm-none-eabi/14.2.1/thumb/v8-m.main+fp/softfp/libgcc.a(_aeabi_ldivmod.o) (__aeabi_ldiv0)
/usr/lib/gcc/arm-none-eabi/14.2.1/../../../arm-none-eabi/lib/thumb/v8-m.main+fp/softfp/libg.a(libc_a-strchr.o)
                              CMakeFiles/perigee.dir/lib/littlefs-lib/lfs.c.o (strchr)
/usr/lib/gcc/arm-none-eabi/14.2.1/../../../arm-none-eabi/lib/thumb/v8-m.main+fp/softfp/libg.a(libc_a-memcpy.o)
                              CMakeFiles/perigee.dir/hal/pico/i2c_pico.c.o (memcpy)
/usr/lib/gcc/arm-none-eabi/14.2.1/../../../arm-none-eabi/lib/thumb/v8-m.main+fp/softfp/libg.a(libc_a-strspn.o)
                              CMakeFiles/perigee.dir/lib/littlefs-lib/lfs.c.o (strspn)
/usr/lib/gcc/arm-none-eabi/14.2.1/../../../arm-none-eabi/lib/thumb/v8-m.main+fp/softfp/libg.a(libc_a-strcspn.o)
                              CMakeFiles/perigee.dir/lib/littlefs-lib/lfs.c.o (strcspn)
/usr/lib/gcc/arm-none-eabi/14.2.1/../../../arm-none-eabi/lib/thumb/v8-m.main+fp/softfp/libg.a(libc_a-memcmp.o)
                              CMakeFiles/perigee.dir/home/lking/pico-sdk/src/rp2_common/pico_atomic/atomic.c.o (memcmp)
/usr/lib/gcc/arm-none-eabi/14.2.1/../../../arm-none-eabi/lib/thumb/v8-m.main+fp/softfp/libg.a(libc_a-strlen-stub.o)
                              CMakeFiles/perigee.dir/home/lking/pico-sdk/src/rp2_common/pico_stdio/stdio.c.o (strlen)
/usr/lib/gcc/arm-none-eabi/14.2.1/../../../arm-none-eabi/lib/thumb/v8-m.main+fp/softfp/libg.a(libc_a-calloc.o)
                              CMakeFiles/perigee.dir/home/lking/pico-sdk/src/rp2_common/pico_malloc/malloc.c.o (calloc)
/usr/lib/gcc/arm-none-eabi/14.2.1/../../../arm-none-eabi/lib/thumb/v8-m.main+fp/softfp/libg.a(libc_a-callocr.o)
                              /usr/lib/gcc/arm-none-eabi/14.2.1/../../../arm-none-eabi/lib/thumb/v8-m.main+fp/softfp/libg.a(libc_a-calloc.o) (_calloc_r)
/usr/lib/gcc/arm-none-eabi/14.2.1/../../../arm-none-eabi/lib/thumb/v8-m.main+fp/softfp/libg.a(libc_a-realloc.o)
                              CMakeFiles/perigee.dir/home/lking/pico-sdk/src/rp2_common/pico_malloc/malloc.c.o (realloc)
/usr/lib/gcc/arm-none-eabi/14.2.1/../../../arm-none-eabi/lib/thumb/v8-m.main+fp/softfp/libg.a(libc_a-mktime.o)
                              CMakeFiles/perigee.dir/home/lking/pico-sdk/src/common/pico_util/datetime.c.o (mktime)
/usr/lib/gcc/arm-none-eabi/14.2.1/../../../arm-none-eabi/lib/thumb/v8-m.main+fp/softfp/libg.a(libc_a-tzlock.o)
                              /usr/lib/gcc/arm-none-eabi/14.2.1/../../../arm-none-eabi/lib/thumb/v8-m.main+fp/softfp/libg.a(libc_a-mktime.o) (__tz_lock)
/usr/lib/gcc/arm-none-eabi/14.2.1/../../../arm-none-eabi/lib/thumb/v8-m.main+fp/softfp/libg.a(libc_a-mallocr.o)
                              /usr/lib/gcc/arm-none-eabi/14.2.1/../../../arm-none-eabi/lib/thumb/v8-m.main+fp/softfp/libg.a(libc_a-callocr.o) (_malloc_r)
/usr/lib/gcc/arm-none-eabi/14.2.1/../../../arm-none-eabi/lib/thumb/v8-m.main+fp/softfp/libg.a(libc_a-sbrkr.o)
                              /usr/lib/gcc/arm-none-eabi/14.2.1/../../../arm-none-eabi/lib/thumb/v8-m.main+fp/softfp/libg.a(libc_a-mallocr.o) (_sbrk_r)
/usr/lib/gcc/arm-none-eabi/14.2.1/../../../arm-none-eabi/lib/thumb/v8-m.main+fp/softfp/libg.a(libc_a-freer.o)
                              /usr/lib/gcc/arm-none-eabi/14.2.1/../../../arm-none-eabi/lib/thumb/v8-m.main+fp/softfp/libg.a(libc_a-mallocr.o) (_free_r)
/usr/lib/gcc/arm-none-eabi/14.2.1/../../../arm-none-eabi/lib/thumb/v8-m.main+fp/softfp/libg.a(libc_a-malloc.o)
                              CMakeFiles/perigee.dir/home/lking/pico-sdk/src/rp2_common/pico_malloc/malloc.c.o (malloc)
/usr/lib/gcc/arm-none-eabi/14.2.1/../../../arm-none-eabi/lib/thumb/v8-m.main+fp/softfp/libg.a(libc_a-memset.o)
                              CMakeFiles/perigee.dir/home/lking/pico-sdk/lib/tinyusb/src/portable/raspberrypi/rp2040/dcd_rp2040.c.o (memset)
[...]
Memory Configuration

Name             Origin             Length             Attributes
FLASH            0x10000000         0x00400000         xr
PSRAM            0x11000000         0x00000000         xrw
XIP_RAM          0x13ffc000         0x00004000         xrw
RAM              0x20000000         0x00080000         xrw
SCRATCH_X        0x20080000         0x00001000         xrw
SCRATCH_Y        0x20081000         0x00001000         xrw
*default*        0x00000000         0xffffffff

Linker script and memory map

                0x20000000                        RAM_ORIGIN_DEFAULT = 0x20000000
                0x00080000                        RAM_LENGTH_DEFAULT = 0x80000
                0x20080000                        SCRATCH_X_ORIGIN_DEFAULT = 0x20080000
                0x00001000                        SCRATCH_X_LENGTH_DEFAULT = 0x1000
                0x20081000                        SCRATCH_Y_ORIGIN_DEFAULT = 0x20081000
                0x00001000                        SCRATCH_Y_LENGTH_DEFAULT = 0x1000
                0x13ffc000                        XIP_RAM_ORIGIN_DEFAULT = 0x13ffc000
                0x00004000                        XIP_RAM_LENGTH_DEFAULT = 0x4000
LOAD CMakeFiles/perigee.dir/app/main.c.o
LOAD CMakeFiles/perigee.dir/core/src/apogee.c.o
LOAD CMakeFiles/perigee.dir/drivers/src/bmp388.c.o
LOAD CMakeFiles/perigee.dir/drivers/src/mpu6050.c.o
LOAD CMakeFiles/perigee.dir/drivers/src/adxl375.c.o
LOAD CMakeFiles/perigee.dir/hal/pico/i2c_pico.c.o
LOAD CMakeFiles/perigee.dir/hal/pico/log_pico.c.o
LOAD CMakeFiles/perigee.dir/home/lking/pico-sdk/src/rp2_common/pico_stdlib/stdlib.c.o
LOAD CMakeFiles/perigee.dir/home/lking/pico-sdk/src/rp2_common/hardware_gpio/gpio.c.o
LOAD CMakeFiles/perigee.dir/home/lking/pico-sdk/src/rp2350/pico_platform/platform.c.o
LOAD CMakeFiles/perigee.dir/home/lking/pico-sdk/src/rp2_common/pico_platform_common/common.c.o
LOAD CMakeFiles/perigee.dir/home/lking/pico-sdk/src/rp2_common/pico_platform_panic/panic.c.o
LOAD CMakeFiles/perigee.dir/home/lking/pico-sdk/src/rp2_common/pico_platform_panic/custom_panic_function.S.o
LOAD CMakeFiles/perigee.dir/home/lking/pico-sdk/src/common/hardware_claim/claim.c.o
LOAD CMakeFiles/perigee.dir/home/lking/pico-sdk/src/rp2_common/hardware_sync/sync.c.o
LOAD CMakeFiles/perigee.dir/home/lking/pico-sdk/src/rp2_common/hardware_sync_spin_lock/sync_spin_lock.c.o
LOAD CMakeFiles/perigee.dir/home/lking/pico-sdk/src/rp2_common/hardware_irq/irq.c.o
LOAD CMakeFiles/perigee.dir/home/lking/pico-sdk/src/rp2_common/hardware_irq/irq_handler_chain.S.o
LOAD CMakeFiles/perigee.dir/home/lking/pico-sdk/src/common/pico_sync/sem.c.o
LOAD CMakeFiles/perigee.dir/home/lking/pico-sdk/src/common/pico_sync/lock_core.c.o
LOAD CMakeFiles/perigee.dir/home/lking/pico-sdk/src/common/pico_sync/mutex.c.o
LOAD CMakeFiles/perigee.dir/home/lking/pico-sdk/src/common/pico_sync/critical_section.c.o
LOAD CMakeFiles/perigee.dir/home/lking/pico-sdk/src/common/pico_time/time.c.o
LOAD CMakeFiles/perigee.dir/home/lking/pico-sdk/src/common/pico_time/timeout_helper.c.o
LOAD CMakeFiles/perigee.dir/home/lking/pico-sdk/src/rp2_common/hardware_timer/timer.c.o
LOAD CMakeFiles/perigee.dir/home/lking/pico-sdk/src/common/pico_util/datetime.c.o
LOAD CMakeFiles/perigee.dir/home/lking/pico-sdk/src/common/pico_util/fixed_bitset.c.o
LOAD CMakeFiles/perigee.dir/home/lking/pico-sdk/src/common/pico_util/pheap.c.o
LOAD CMakeFiles/perigee.dir/home/lking/pico-sdk/src/common/pico_util/queue.c.o
LOAD CMakeFiles/perigee.dir/home/lking/pico-sdk/src/rp2_common/hardware_uart/uart.c.o
LOAD CMakeFiles/perigee.dir/home/lking/pico-sdk/src/rp2_common/hardware_clocks/clocks.c.o
LOAD CMakeFiles/perigee.dir/home/lking/pico-sdk/src/rp2_common/hardware_pll/pll.c.o
LOAD CMakeFiles/perigee.dir/home/lking/pico-sdk/src/rp2_common/hardware_vreg/vreg.c.o
LOAD CMakeFiles/perigee.dir/home/lking/pico-sdk/src/rp2_common/hardware_watchdog/watchdog.c.o
LOAD CMakeFiles/perigee.dir/home/lking/pico-sdk/src/rp2_common/hardware_ticks/ticks.c.o
LOAD CMakeFiles/perigee.dir/home/lking/pico-sdk/src/rp2_common/pico_bootrom/bootrom.c.o
LOAD CMakeFiles/perigee.dir/home/lking/pico-sdk/src/rp2_common/pico_bootrom/bootrom_lock.c.o
LOAD CMakeFiles/perigee.dir/home/lking/pico-sdk/src/rp2_common/hardware_boot_lock/boot_lock.c.o
LOAD CMakeFiles/perigee.dir/home/lking/pico-sdk/src/rp2_common/pico_flash/flash.c.o
LOAD CMakeFiles/perigee.dir/home/lking/pico-sdk/src/rp2_common/hardware_xosc/xosc.c.o
LOAD CMakeFiles/perigee.dir/home/lking/pico-sdk/src/rp2_common/hardware_divider/divider.c.o
LOAD CMakeFiles/perigee.dir/home/lking/pico-sdk/src/rp2_common/pico_runtime/runtime.c.o
LOAD CMakeFiles/perigee.dir/home/lking/pico-sdk/src/rp2_common/pico_runtime_init/runtime_init.c.o
LOAD CMakeFiles/perigee.dir/home/lking/pico-sdk/src/rp2_common/pico_runtime_init/runtime_init_clocks.c.o
LOAD CMakeFiles/perigee.dir/home/lking/pico-sdk/src/rp2_common/pico_runtime_init/runtime_init_stack_guard.c.o
LOAD CMakeFiles/perigee.dir/home/lking/pico-sdk/src/rp2_common/pico_bit_ops/bit_ops_aeabi.S.o
LOAD CMakeFiles/perigee.dir/home/lking/pico-sdk/src/rp2_common/pico_divider/divider_compiler.c.o
LOAD CMakeFiles/perigee.dir/home/lking/pico-sdk/src/rp2_common/pico_double/double_math.c.o
LOAD CMakeFiles/perigee.dir/home/lking/pico-sdk/src/rp2_common/pico_double/double_aeabi_dcp.S.o
LOAD CMakeFiles/perigee.dir/home/lking/pico-sdk/src/rp2_common/pico_double/double_fma_dcp.S.o
LOAD CMakeFiles/perigee.dir/home/lking/pico-sdk/src/rp2_common/pico_double/double_sci_m33.S.o
LOAD CMakeFiles/perigee.dir/home/lking/pico-sdk/src/rp2_common/pico_double/double_conv_m33.S.o
LOAD CMakeFiles/perigee.dir/home/lking/pico-sdk/src/rp2_common/pico_float/float_math.c.o
LOAD CMakeFiles/perigee.dir/home/lking/pico-sdk/src/rp2_common/pico_float/float_conv32_vfp.S.o
LOAD CMakeFiles/perigee.dir/home/lking/pico-sdk/src/rp2_common/pico_float/float_common_m33.S.o
LOAD CMakeFiles/perigee.dir/home/lking/pico-sdk/src/rp2_common/pico_float/float_sci_m33_vfp.S.o
LOAD CMakeFiles/perigee.dir/home/lking/pico-sdk/src/rp2_common/pico_malloc/malloc.c.o
LOAD CMakeFiles/perigee.dir/home/lking/pico-sdk/src/rp2_common/pico_atomic/atomic.c.o
LOAD CMakeFiles/perigee.dir/home/lking/pico-sdk/src/rp2_common/pico_cxx_options/new_delete.cpp.o
LOAD CMakeFiles/perigee.dir/home/lking/pico-sdk/src/rp2_common/pico_standard_binary_info/standard_binary_info.c.o
LOAD CMakeFiles/perigee.dir/home/lking/pico-sdk/src/rp2_common/pico_printf/printf.c.o
LOAD CMakeFiles/perigee.dir/home/lking/pico-sdk/src/rp2_common/pico_crt0/crt0.S.o
LOAD CMakeFiles/perigee.dir/home/lking/pico-sdk/src/rp2_common/pico_clib_interface/newlib_interface.c.o
LOAD CMakeFiles/perigee.dir/home/lking/pico-sdk/src/rp2_common/pico_clib_interface/cxa_guard.c.o
LOAD CMakeFiles/perigee.dir/home/lking/pico-sdk/src/rp2_common/pico_stdio/stdio.c.o
LOAD CMakeFiles/perigee.dir/home/lking/pico-sdk/src/rp2_common/pico_stdio_usb/stdio_usb.c.o
LOAD CMakeFiles/perigee.dir/home/lking/pico-sdk/src/rp2_common/pico_stdio_usb/stdio_usb_descriptors.c.o
LOAD CMakeFiles/perigee.dir/home/lking/pico-sdk/src/rp2_common/pico_unique_id/unique_id.c.o
LOAD CMakeFiles/perigee.dir/home/lking/pico-sdk/src/rp2_common/hardware_flash/flash.c.o
LOAD CMakeFiles/perigee.dir/home/lking/pico-sdk/src/rp2_common/hardware_xip_cache/xip_cache.c.o
LOAD CMakeFiles/perigee.dir/home/lking/pico-sdk/src/rp2_common/pico_usb_reset/usb_reset.c.o
LOAD CMakeFiles/perigee.dir/home/lking/pico-sdk/lib/tinyusb/src/portable/raspberrypi/rp2040/dcd_rp2040.c.o
LOAD CMakeFiles/perigee.dir/home/lking/pico-sdk/lib/tinyusb/src/portable/raspberrypi/rp2040/rp2040_usb.c.o
LOAD CMakeFiles/perigee.dir/home/lking/pico-sdk/lib/tinyusb/src/device/usbd.c.o
LOAD CMakeFiles/perigee.dir/home/lking/pico-sdk/lib/tinyusb/src/device/usbd_control.c.o
LOAD CMakeFiles/perigee.dir/home/lking/pico-sdk/lib/tinyusb/src/class/audio/audio_device.c.o
LOAD CMakeFiles/perigee.dir/home/lking/pico-sdk/lib/tinyusb/src/class/cdc/cdc_device.c.o
LOAD CMakeFiles/perigee.dir/home/lking/pico-sdk/lib/tinyusb/src/class/dfu/dfu_device.c.o
LOAD CMakeFiles/perigee.dir/home/lking/pico-sdk/lib/tinyusb/src/class/dfu/dfu_rt_device.c.o
LOAD CMakeFiles/perigee.dir/home/lking/pico-sdk/lib/tinyusb/src/class/hid/hid_device.c.o
LOAD CMakeFiles/perigee.dir/home/lking/pico-sdk/lib/tinyusb/src/class/midi/midi_device.c.o
LOAD CMakeFiles/perigee.dir/home/lking/pico-sdk/lib/tinyusb/src/class/msc/msc_device.c.o
LOAD CMakeFiles/perigee.dir/home/lking/pico-sdk/lib/tinyusb/src/class/net/ecm_rndis_device.c.o
LOAD CMakeFiles/perigee.dir/home/lking/pico-sdk/lib/tinyusb/src/class/net/ncm_device.c.o
LOAD CMakeFiles/perigee.dir/home/lking/pico-sdk/lib/tinyusb/src/class/usbtmc/usbtmc_device.c.o
LOAD CMakeFiles/perigee.dir/home/lking/pico-sdk/lib/tinyusb/src/class/vendor/vendor_device.c.o
LOAD CMakeFiles/perigee.dir/home/lking/pico-sdk/lib/tinyusb/src/class/video/video_device.c.o
LOAD CMakeFiles/perigee.dir/home/lking/pico-sdk/lib/tinyusb/src/tusb.c.o
LOAD CMakeFiles/perigee.dir/home/lking/pico-sdk/lib/tinyusb/src/common/tusb_fifo.c.o
LOAD CMakeFiles/perigee.dir/home/lking/pico-sdk/src/rp2_common/pico_fix/rp2040_usb_device_enumeration/rp2040_usb_device_enumeration.c.o
LOAD CMakeFiles/perigee.dir/home/lking/pico-sdk/src/rp2_common/pico_thread_local/thread_local.c.o
LOAD CMakeFiles/perigee.dir/home/lking/pico-sdk/src/rp2_common/hardware_i2c/i2c.c.o
LOAD CMakeFiles/perigee.dir/lib/littlefs-lib/lfs.c.o
LOAD CMakeFiles/perigee.dir/lib/littlefs-lib/pico_hal.c.o
LOAD pico-sdk/src/rp2350/boot_stage2/CMakeFiles/bs2_default_library.dir/bs2_default_padded.S.o
LOAD /usr/lib/gcc/arm-none-eabi/14.2.1/../../../arm-none-eabi/lib/thumb/v8-m.main+fp/softfp/libstdc++.a
LOAD /usr/lib/gcc/arm-none-eabi/14.2.1/../../../arm-none-eabi/lib/thumb/v8-m.main+fp/softfp/libm.a
START GROUP
LOAD /usr/lib/gcc/arm-none-eabi/14.2.1/thumb/v8-m.main+fp/softfp/libgcc.a
LOAD /usr/lib/gcc/arm-none-eabi/14.2.1/../../../arm-none-eabi/lib/thumb/v8-m.main+fp/softfp/libg.a
LOAD /usr/lib/gcc/arm-none-eabi/14.2.1/../../../arm-none-eabi/lib/thumb/v8-m.main+fp/softfp/libc.a
END GROUP
                0x20000000                        PROVIDE (RAM_ORIGIN = RAM_ORIGIN_DEFAULT)
                0x00080000                        PROVIDE (RAM_LENGTH = RAM_LENGTH_DEFAULT)
                0x20080000                        PROVIDE (SCRATCH_X_ORIGIN = SCRATCH_X_ORIGIN_DEFAULT)
                0x00001000                        PROVIDE (SCRATCH_X_LENGTH = SCRATCH_X_LENGTH_DEFAULT)
                0x20081000                        PROVIDE (SCRATCH_Y_ORIGIN = SCRATCH_Y_ORIGIN_DEFAULT)
                0x00001000                        PROVIDE (SCRATCH_Y_LENGTH = SCRATCH_Y_LENGTH_DEFAULT)
                0x13ffc000                        PROVIDE (XIP_RAM_ORIGIN = XIP_RAM_ORIGIN_DEFAULT)
                0x00004000                        PROVIDE (XIP_RAM_LENGTH = XIP_RAM_LENGTH_DEFAULT)
                0x20000000                        RAM_ORIGIN = DEFINED (RAM_ORIGIN)?RAM_ORIGIN:RAM_ORIGIN_DEFAULT
                0x00080000                        RAM_LENGTH = DEFINED (RAM_LENGTH)?RAM_LENGTH:RAM_LENGTH_DEFAULT
                0x20080000                        SCRATCH_X_ORIGIN = DEFINED (SCRATCH_X_ORIGIN)?SCRATCH_X_ORIGIN:SCRATCH_X_ORIGIN_DEFAULT
                0x00001000                        SCRATCH_X_LENGTH = DEFINED (SCRATCH_X_LENGTH)?SCRATCH_X_LENGTH:SCRATCH_X_LENGTH_DEFAULT
                0x20081000                        SCRATCH_Y_ORIGIN = DEFINED (SCRATCH_Y_ORIGIN)?SCRATCH_Y_ORIGIN:SCRATCH_Y_ORIGIN_DEFAULT
                0x00001000                        SCRATCH_Y_LENGTH = DEFINED (SCRATCH_Y_LENGTH)?SCRATCH_Y_LENGTH:SCRATCH_Y_LENGTH_DEFAULT
                0x13ffc000                        XIP_RAM_ORIGIN = DEFINED (XIP_RAM_ORIGIN)?XIP_RAM_ORIGIN:XIP_RAM_ORIGIN_DEFAULT
                0x00004000                        XIP_RAM_LENGTH = DEFINED (XIP_RAM_LENGTH)?XIP_RAM_LENGTH:XIP_RAM_LENGTH_DEFAULT

.flash_begin    0x10000000        0x0
                0x10000000                        __flash_binary_start = .

.text           0x10000000     0xd9ec
                0x10000000                        __logical_binary_start = .
 *(.vectors)
 .vectors       0x10000000      0x124 CMakeFiles/perigee.dir/home/lking/pico-sdk/src/rp2_common/pico_crt0/crt0.S.o
                0x10000000                __vectors
                0x10000000                __VECTOR_TABLE
                0x10000110                isr_securefault
                0x10000110                isr_irq30
                0x10000110                __unhandled_user_irq
                0x10000110                isr_irq49
                0x10000110                isr_irq13
                0x10000110                isr_irq43
                0x10000110                isr_irq45
                0x10000110                isr_irq27
                0x10000110                isr_irq32
                0x10000110                isr_irq31
                0x10000110                isr_irq5
                0x10000110                isr_irq11
                0x10000110                isr_irq23
                0x10000110                isr_usagefault
                0x10000110                isr_irq48
                0x10000110                isr_irq35
                0x10000110                isr_irq18
                0x10000110                isr_irq50
                0x10000110                isr_irq40
                0x10000110                isr_irq28
                0x10000110                isr_irq19
                0x10000110                isr_irq36
                0x10000110                isr_irq41
                0x10000110                isr_irq0
                0x10000110                isr_irq6
                0x10000110                isr_memmanage
                0x10000110                isr_irq37
                0x10000110                isr_irq42
                0x10000110                isr_irq22
                0x10000110                isr_irq17
                0x10000110                isr_irq38
                0x10000110                isr_irq14
                0x10000110                __vectors_end
                0x10000110                __default_isrs_start
                0x10000110                isr_irq2
                0x10000110                isr_irq10
                0x10000110                isr_irq8
                0x10000110                isr_debugmonitor
                0x10000110                isr_irq24
                0x10000110                isr_irq46
                0x10000110                isr_irq1
                0x10000110                isr_irq47
                0x10000110                isr_irq51
                0x10000110                isr_irq7
                0x10000110                isr_irq21
                0x10000110                isr_irq39
                0x10000110                isr_irq20
                0x10000110                isr_irq15
                0x10000110                isr_irq25
                0x10000110                isr_irq34
                0x10000110                isr_irq4
                0x10000110                isr_busfault
                0x10000110                isr_irq16
                0x10000110                isr_irq44
                0x10000110                isr_irq29
                0x10000110                isr_irq26
                0x10000110                isr_irq33
                0x10000110                isr_irq3
                0x10000110                isr_irq12
                0x10000110                isr_irq9
                0x10000116                unhandled_user_irq_num_in_r0
                0x10000118                isr_invalid
                0x1000011a                isr_nmi
                0x1000011c                isr_hardfault
                0x1000011e                isr_svcall
                0x10000120                isr_pendsv
                0x10000122                isr_systick
                0x10000124                __default_isrs_end
 *(.binary_info_header)
 .binary_info_header
                0x10000124       0x14 CMakeFiles/perigee.dir/home/lking/pico-sdk/src/rp2_common/pico_crt0/crt0.S.o
                0x10000138                        __binary_info_header_end = .
 *(.embedded_block)
 .embedded_block
                0x10000138       0x14 CMakeFiles/perigee.dir/home/lking/pico-sdk/src/rp2_common/pico_crt0/crt0.S.o
                0x1000014c                        __embedded_block_end = .
 *(.reset)
 .reset         0x1000014c       0x94 CMakeFiles/perigee.dir/home/lking/pico-sdk/src/rp2_common/pico_crt0/crt0.S.o
                0x1000014c                _entry_point
 *(.init)
 *libgcc.a:cmse_nonsecure_call.o()
 *(EXCLUDE_FILE(*libm.a: *lib*_a-mem*.o *libc.a: *libgcc.a:) .text*)
 .text.startup.main
                0x100001e0      0x424 CMakeFiles/perigee.dir/app/main.c.o
                0x100001e0                main
 .text.prg_bmp388_check_id
                0x10000604       0x2c CMakeFiles/perigee.dir/drivers/src/bmp388.c.o
                0x10000604                prg_bmp388_check_id
 .text.prg_bmp388_read_raw
                0x10000630       0x48 CMakeFiles/perigee.dir/drivers/src/bmp388.c.o
                0x10000630                prg_bmp388_read_raw
 .text.prg_bmp388_read_calib
                0x10000678      0x1a4 CMakeFiles/perigee.dir/drivers/src/bmp388.c.o
                0x10000678                prg_bmp388_read_calib
 .text.prg_bmp388_compensate_temperature
                0x1000081c       0x84 CMakeFiles/perigee.dir/drivers/src/bmp388.c.o
                0x1000081c                prg_bmp388_compensate_temperature
 .text.prg_bmp388_compensate_pressure
                0x100008a0      0x1a8 CMakeFiles/perigee.dir/drivers/src/bmp388.c.o
                0x100008a0                prg_bmp388_compensate_pressure
 .text.prg_bmp388_enable
                0x10000a48       0x20 CMakeFiles/perigee.dir/drivers/src/bmp388.c.o
                0x10000a48                prg_bmp388_enable
 .text.prg_mpu6050_check_id
                0x10000a68       0x30 CMakeFiles/perigee.dir/drivers/src/mpu6050.c.o
                0x10000a68                prg_mpu6050_check_id
 .text.prg_mpu6050_wake
                0x10000a98       0x20 CMakeFiles/perigee.dir/drivers/src/mpu6050.c.o
                0x10000a98                prg_mpu6050_wake
 .text.prg_mpu6050_read_raw
                0x10000ab8       0x68 CMakeFiles/perigee.dir/drivers/src/mpu6050.c.o
                0x10000ab8                prg_mpu6050_read_raw
 .text.prg_mpu6050_convert
                0x10000b20       0xd8 CMakeFiles/perigee.dir/drivers/src/mpu6050.c.o
                0x10000b20                prg_mpu6050_convert
 .text.prg_adxl375_check_id
                0x10000bf8       0x2c CMakeFiles/perigee.dir/drivers/src/adxl375.c.o
                0x10000bf8                prg_adxl375_check_id
 .text.prg_adxl375_enable
                0x10000c24       0x3c CMakeFiles/perigee.dir/drivers/src/adxl375.c.o
                0x10000c24                prg_adxl375_enable
 .text.prg_adxl375_read_raw
                0x10000c60       0x24 CMakeFiles/perigee.dir/drivers/src/adxl375.c.o
                0x10000c60                prg_adxl375_read_raw
 *fill*         0x10000c84        0x4 
 .text.prg_adxl375_convert
                0x10000c88       0x60 CMakeFiles/perigee.dir/drivers/src/adxl375.c.o
                0x10000c88                prg_adxl375_convert
 .text.pico_write
                0x10000ce8       0x58 CMakeFiles/perigee.dir/hal/pico/i2c_pico.c.o
 .text.pico_read
                0x10000d40       0x48 CMakeFiles/perigee.dir/hal/pico/i2c_pico.c.o
 .text.prg_i2c_pico_init
                0x10000d88        0x4 CMakeFiles/perigee.dir/hal/pico/i2c_pico.c.o
                0x10000d88                prg_i2c_pico_init
 .text.prg_i2c_pico_as_bus
                0x10000d8c       0x1c CMakeFiles/perigee.dir/hal/pico/i2c_pico.c.o
                0x10000d8c                prg_i2c_pico_as_bus
 .text.prg_log_open
                0x10000da8       0x30 CMakeFiles/perigee.dir/hal/pico/log_pico.c.o
                0x10000da8                prg_log_open
 .text.prg_log_write
                0x10000dd8       0x18 CMakeFiles/perigee.dir/hal/pico/log_pico.c.o
                0x10000dd8                prg_log_write
 .text.prg_log_read
                0x10000df0       0x18 CMakeFiles/perigee.dir/hal/pico/log_pico.c.o
                0x10000df0                prg_log_read
 .text.prg_log_close
                0x10000e08       0x14 CMakeFiles/perigee.dir/hal/pico/log_pico.c.o
                0x10000e08                prg_log_close
 .text.prg_log_open_read
                0x10000e1c       0x30 CMakeFiles/perigee.dir/hal/pico/log_pico.c.o
                0x10000e1c                prg_log_open_read
 .text.gpio_set_function
                0x10000e4c       0x3c CMakeFiles/perigee.dir/home/lking/pico-sdk/src/rp2_common/hardware_gpio/gpio.c.o
                0x10000e4c                gpio_set_function
 .text.gpio_set_pulls
                0x10000e88       0x28 CMakeFiles/perigee.dir/home/lking/pico-sdk/src/rp2_common/hardware_gpio/gpio.c.o
                0x10000e88                gpio_set_pulls
 .text.gpio_init
                0x10000eb0       0x48 CMakeFiles/perigee.dir/home/lking/pico-sdk/src/rp2_common/hardware_gpio/gpio.c.o
                0x10000eb0                gpio_init
 .text.panic    0x10000ef8       0x30 CMakeFiles/perigee.dir/home/lking/pico-sdk/src/rp2_common/pico_platform_panic/panic.c.o
                0x10000ef8                panic
 .text.hw_claim_or_assert
                0x10000f28       0x58 CMakeFiles/perigee.dir/home/lking/pico-sdk/src/common/hardware_claim/claim.c.o
                0x10000f28                hw_claim_or_assert
 .text.hw_claim_unused_from_range
                0x10000f80       0x80 CMakeFiles/perigee.dir/home/lking/pico-sdk/src/common/hardware_claim/claim.c.o
                0x10000f80                hw_claim_unused_from_range
 .text.next_striped_spin_lock_num
                0x10001000       0x18 CMakeFiles/perigee.dir/home/lking/pico-sdk/src/rp2_common/hardware_sync/sync.c.o
                0x10001000                next_striped_spin_lock_num
 .text.spin_lock_claim_unused
                0x10001018       0x20 CMakeFiles/perigee.dir/home/lking/pico-sdk/src/rp2_common/hardware_sync/sync.c.o
                0x10001018                spin_lock_claim_unused
 .text.spinlock_set_extexclall
                0x10001038       0x10 CMakeFiles/perigee.dir/home/lking/pico-sdk/src/rp2_common/hardware_sync_spin_lock/sync_spin_lock.c.o
 .text.spin_locks_reset
                0x10001048       0x18 CMakeFiles/perigee.dir/home/lking/pico-sdk/src/rp2_common/hardware_sync_spin_lock/sync_spin_lock.c.o
                0x10001048                spin_locks_reset
 .text.runtime_init_per_core_irq_priorities
                0x10001060       0x40 CMakeFiles/perigee.dir/home/lking/pico-sdk/src/rp2_common/hardware_irq/irq.c.o
                0x10001060                runtime_init_per_core_irq_priorities
 .text.irq_set_enabled
                0x100010a0       0x2c CMakeFiles/perigee.dir/home/lking/pico-sdk/src/rp2_common/hardware_irq/irq.c.o
                0x100010a0                irq_set_enabled
 .text.irq_is_enabled
                0x100010cc       0x20 CMakeFiles/perigee.dir/home/lking/pico-sdk/src/rp2_common/hardware_irq/irq.c.o
                0x100010cc                irq_is_enabled
 .text.irq_set_pending
                0x100010ec       0x18 CMakeFiles/perigee.dir/home/lking/pico-sdk/src/rp2_common/hardware_irq/irq.c.o
                0x100010ec                irq_set_pending
 .text.irq_has_shared_handler
                0x10001104       0x20 CMakeFiles/perigee.dir/home/lking/pico-sdk/src/rp2_common/hardware_irq/irq.c.o
                0x10001104                irq_has_shared_handler
 .text.irq_set_exclusive_handler
                0x10001124       0x5c CMakeFiles/perigee.dir/home/lking/pico-sdk/src/rp2_common/hardware_irq/irq.c.o
                0x10001124                irq_set_exclusive_handler
 .text.irq_add_shared_handler
                0x10001180      0x1bc CMakeFiles/perigee.dir/home/lking/pico-sdk/src/rp2_common/hardware_irq/irq.c.o
                0x10001180                irq_add_shared_handler
 .text.irq_add_tail_to_free_list
                0x1000133c       0xd4 CMakeFiles/perigee.dir/home/lking/pico-sdk/src/rp2_common/hardware_irq/irq.c.o
                0x1000133c                irq_add_tail_to_free_list
 .text.user_irq_claim_unused
                0x10001410       0x28 CMakeFiles/perigee.dir/home/lking/pico-sdk/src/rp2_common/hardware_irq/irq.c.o
                0x10001410                user_irq_claim_unused
 .text.lock_init
                0x10001438        0xc CMakeFiles/perigee.dir/home/lking/pico-sdk/src/common/pico_sync/lock_core.c.o
                0x10001438                lock_init
 .text.runtime_init_mutex
                0x10001444       0x4c CMakeFiles/perigee.dir/home/lking/pico-sdk/src/common/pico_sync/mutex.c.o
                0x10001444                runtime_init_mutex
 .text.mutex_init
                0x10001490       0x1c CMakeFiles/perigee.dir/home/lking/pico-sdk/src/common/pico_sync/mutex.c.o
                0x10001490                mutex_init
 .text.critical_section_init
                0x100014ac       0x1c CMakeFiles/perigee.dir/home/lking/pico-sdk/src/common/pico_sync/critical_section.c.o
                0x100014ac                critical_section_init
 .text.critical_section_init_with_lock_num
                0x100014c8       0x10 CMakeFiles/perigee.dir/home/lking/pico-sdk/src/common/pico_sync/critical_section.c.o
                0x100014c8                critical_section_init_with_lock_num
 .text.sleep_until_callback
                0x100014d8       0x4c CMakeFiles/perigee.dir/home/lking/pico-sdk/src/common/pico_time/time.c.o
 *fill*         0x10001524        0x4 
 .text.alarm_pool_irq_handler
                0x10001528      0x2f0 CMakeFiles/perigee.dir/home/lking/pico-sdk/src/common/pico_time/time.c.o
 .text.runtime_init_default_alarm_pool
                0x10001818      0x100 CMakeFiles/perigee.dir/home/lking/pico-sdk/src/common/pico_time/time.c.o
                0x10001818                runtime_init_default_alarm_pool
 .text.alarm_pool_get_default
                0x10001918        0x8 CMakeFiles/perigee.dir/home/lking/pico-sdk/src/common/pico_time/time.c.o
                0x10001918                alarm_pool_get_default
 .text.alarm_pool_add_alarm_at
                0x10001920       0xdc CMakeFiles/perigee.dir/home/lking/pico-sdk/src/common/pico_time/time.c.o
                0x10001920                alarm_pool_add_alarm_at
 .text.alarm_pool_add_alarm_at_force_in_context
                0x100019fc       0xc8 CMakeFiles/perigee.dir/home/lking/pico-sdk/src/common/pico_time/time.c.o
                0x100019fc                alarm_pool_add_alarm_at_force_in_context
 .text.alarm_pool_cancel_alarm
                0x10001ac4       0x80 CMakeFiles/perigee.dir/home/lking/pico-sdk/src/common/pico_time/time.c.o
                0x10001ac4                alarm_pool_cancel_alarm
 .text.alarm_pool_core_num
                0x10001b44        0x4 CMakeFiles/perigee.dir/home/lking/pico-sdk/src/common/pico_time/time.c.o
                0x10001b44                alarm_pool_core_num
 .text.sleep_ms
                0x10001b48       0xf4 CMakeFiles/perigee.dir/home/lking/pico-sdk/src/common/pico_time/time.c.o
                0x10001b48                sleep_ms
 .text.best_effort_wfe_or_timeout
                0x10001c3c       0xe8 CMakeFiles/perigee.dir/home/lking/pico-sdk/src/common/pico_time/time.c.o
                0x10001c3c                best_effort_wfe_or_timeout
 .text.timer_hardware_alarm_claim
                0x10001d24       0x24 CMakeFiles/perigee.dir/home/lking/pico-sdk/src/rp2_common/hardware_timer/timer.c.o
                0x10001d24                timer_hardware_alarm_claim
 .text.timer_time_us_64
                0x10001d48       0x10 CMakeFiles/perigee.dir/home/lking/pico-sdk/src/rp2_common/hardware_timer/timer.c.o
                0x10001d48                timer_time_us_64
 .text.time_us_64
                0x10001d58       0x14 CMakeFiles/perigee.dir/home/lking/pico-sdk/src/rp2_common/hardware_timer/timer.c.o
                0x10001d58                time_us_64
 .text.busy_wait_until
                0x10001d6c       0x24 CMakeFiles/perigee.dir/home/lking/pico-sdk/src/rp2_common/hardware_timer/timer.c.o
                0x10001d6c                busy_wait_until
 .text.clock_configure_undivided
                0x10001d90       0xd0 CMakeFiles/perigee.dir/home/lking/pico-sdk/src/rp2_common/hardware_clocks/clocks.c.o
                0x10001d90                clock_configure_undivided
 .text.clock_get_hz
                0x10001e60        0xc CMakeFiles/perigee.dir/home/lking/pico-sdk/src/rp2_common/hardware_clocks/clocks.c.o
                0x10001e60                clock_get_hz
 .text.pll_init
                0x10001e6c       0x8c CMakeFiles/perigee.dir/home/lking/pico-sdk/src/rp2_common/hardware_pll/pll.c.o
                0x10001e6c                pll_init
 .text.watchdog_reboot
                0x10001ef8       0x98 CMakeFiles/perigee.dir/home/lking/pico-sdk/src/rp2_common/hardware_watchdog/watchdog.c.o
                0x10001ef8                watchdog_reboot
 .text.tick_start
                0x10001f90       0x18 CMakeFiles/perigee.dir/home/lking/pico-sdk/src/rp2_common/hardware_ticks/ticks.c.o
                0x10001f90                tick_start
 .text.rom_reboot.constprop.0.isra.0
                0x10001fa8       0x34 CMakeFiles/perigee.dir/home/lking/pico-sdk/src/rp2_common/pico_bootrom/bootrom.c.o
 .text.rom_func_lookup
                0x10001fdc       0x18 CMakeFiles/perigee.dir/home/lking/pico-sdk/src/rp2_common/pico_bootrom/bootrom.c.o
                0x10001fdc                rom_func_lookup
 .text.rom_reset_usb_boot_extra
                0x10001ff4       0x34 CMakeFiles/perigee.dir/home/lking/pico-sdk/src/rp2_common/pico_bootrom/bootrom.c.o
                0x10001ff4                rom_reset_usb_boot_extra
 .text.runtime_init_bootrom_locking_enable
                0x10002028       0x14 CMakeFiles/perigee.dir/home/lking/pico-sdk/src/rp2_common/pico_bootrom/bootrom_lock.c.o
                0x10002028                runtime_init_bootrom_locking_enable
 .text.runtime_init_boot_locks_reset
                0x1000203c       0x1c CMakeFiles/perigee.dir/home/lking/pico-sdk/src/rp2_common/hardware_boot_lock/boot_lock.c.o
                0x1000203c                runtime_init_boot_locks_reset
 .text.xosc_init
                0x10002058       0x30 CMakeFiles/perigee.dir/home/lking/pico-sdk/src/rp2_common/hardware_xosc/xosc.c.o
                0x10002058                xosc_init
 .text.first_per_core_initializer
                0x10002088        0x4 CMakeFiles/perigee.dir/home/lking/pico-sdk/src/rp2_common/pico_runtime/runtime.c.o
 .text.hard_assertion_failure
                0x1000208c        0xc CMakeFiles/perigee.dir/home/lking/pico-sdk/src/rp2_common/pico_runtime/runtime.c.o
                0x1000208c                hard_assertion_failure
 .text.runtime_run_initializers
                0x10002098       0x20 CMakeFiles/perigee.dir/home/lking/pico-sdk/src/rp2_common/pico_runtime/runtime.c.o
                0x10002098                runtime_run_initializers
 .text.runtime_init_early_resets
                0x100020b8       0x34 CMakeFiles/perigee.dir/home/lking/pico-sdk/src/rp2_common/pico_runtime_init/runtime_init.c.o
                0x100020b8                runtime_init_early_resets
 .text.runtime_init_usb_power_down
                0x100020ec       0x1c CMakeFiles/perigee.dir/home/lking/pico-sdk/src/rp2_common/pico_runtime_init/runtime_init.c.o
                0x100020ec                runtime_init_usb_power_down
 .text.runtime_init_per_core_enable_coprocessors
                0x10002108       0x1c CMakeFiles/perigee.dir/home/lking/pico-sdk/src/rp2_common/pico_runtime_init/runtime_init.c.o
                0x10002108                runtime_init_per_core_enable_coprocessors
 .text.runtime_init_post_clock_resets
                0x10002124       0x20 CMakeFiles/perigee.dir/home/lking/pico-sdk/src/rp2_common/pico_runtime_init/runtime_init.c.o
                0x10002124                runtime_init_post_clock_resets
 .text.runtime_init_bootrom_reset
                0x10002144       0x14 CMakeFiles/perigee.dir/home/lking/pico-sdk/src/rp2_common/pico_runtime_init/runtime_init.c.o
                0x10002144                runtime_init_bootrom_reset
 .text.runtime_init_per_core_bootrom_reset
                0x10002158       0x14 CMakeFiles/perigee.dir/home/lking/pico-sdk/src/rp2_common/pico_runtime_init/runtime_init.c.o
                0x10002158                runtime_init_per_core_bootrom_reset
 .text.runtime_init_spin_locks_reset
                0x1000216c        0x4 CMakeFiles/perigee.dir/home/lking/pico-sdk/src/rp2_common/pico_runtime_init/runtime_init.c.o
                0x1000216c                runtime_init_spin_locks_reset
 .text.runtime_init_install_ram_vector_table
                0x10002170       0x64 CMakeFiles/perigee.dir/home/lking/pico-sdk/src/rp2_common/pico_runtime_init/runtime_init.c.o
                0x10002170                runtime_init_install_ram_vector_table
 .text.runtime_init_clocks
                0x100021d4       0xdc CMakeFiles/perigee.dir/home/lking/pico-sdk/src/rp2_common/pico_runtime_init/runtime_init_clocks.c.o
                0x100021d4                runtime_init_clocks
 .text.__rp2350_dcp_engaged_state_save_restore
                0x100022b0       0x3a CMakeFiles/perigee.dir/home/lking/pico-sdk/src/rp2_common/pico_double/double_aeabi_dcp.S.o
 *fill*         0x100022ea        0x2 
 .text.__wrap___aeabi_dadd
                0x100022ec       0x28 CMakeFiles/perigee.dir/home/lking/pico-sdk/src/rp2_common/pico_double/double_aeabi_dcp.S.o
                0x100022f4                __wrap___aeabi_dadd
 .text.__wrap___aeabi_dsub
                0x10002314       0x28 CMakeFiles/perigee.dir/home/lking/pico-sdk/src/rp2_common/pico_double/double_aeabi_dcp.S.o
                0x1000231c                __wrap___aeabi_dsub
 .text.__wrap___aeabi_dmul
                0x1000233c       0x48 CMakeFiles/perigee.dir/home/lking/pico-sdk/src/rp2_common/pico_double/double_aeabi_dcp.S.o
                0x10002344                __wrap___aeabi_dmul
 .text.__wrap___aeabi_ddiv
                0x10002384       0x9c CMakeFiles/perigee.dir/home/lking/pico-sdk/src/rp2_common/pico_double/double_aeabi_dcp.S.o
                0x1000238c                __wrap___aeabi_ddiv
 .text.__wrap___aeabi_d2f
                0x10002420       0x1c CMakeFiles/perigee.dir/home/lking/pico-sdk/src/rp2_common/pico_double/double_aeabi_dcp.S.o
                0x10002428                double2float
                0x10002428                __wrap___aeabi_d2f
 .text.__wrap___aeabi_i2d
                0x1000243c       0x24 CMakeFiles/perigee.dir/home/lking/pico-sdk/src/rp2_common/pico_double/double_aeabi_dcp.S.o
                0x10002444                __wrap___aeabi_i2d
                0x10002444                int2double
 .text.__wrap___aeabi_ui2d
                0x10002460       0x24 CMakeFiles/perigee.dir/home/lking/pico-sdk/src/rp2_common/pico_double/double_aeabi_dcp.S.o
                0x10002468                __wrap___aeabi_ui2d
                0x10002468                uint2double
 .text.__wrap___aeabi_d2iz
                0x10002484       0x24 CMakeFiles/perigee.dir/home/lking/pico-sdk/src/rp2_common/pico_double/double_aeabi_dcp.S.o
                0x1000248c                __wrap___aeabi_d2iz
                0x1000248c                double2int_z
 .text.__wrap___aeabi_d2uiz
                0x100024a8       0x24 CMakeFiles/perigee.dir/home/lking/pico-sdk/src/rp2_common/pico_double/double_aeabi_dcp.S.o
                0x100024b0                double2uint_z
                0x100024b0                double2uint
                0x100024b0                __wrap___aeabi_d2uiz
 .text.__wrap___aeabi_dcmpun
                0x100024cc       0x24 CMakeFiles/perigee.dir/home/lking/pico-sdk/src/rp2_common/pico_double/double_aeabi_dcp.S.o
                0x100024d4                __wrap___aeabi_dcmpun
 .text.__wrap___aeabi_dcmplt
                0x100024f0       0x28 CMakeFiles/perigee.dir/home/lking/pico-sdk/src/rp2_common/pico_double/double_aeabi_dcp.S.o
                0x100024f8                __wrap___aeabi_dcmplt
 .text.__wrap___aeabi_dcmple
                0x10002518       0x28 CMakeFiles/perigee.dir/home/lking/pico-sdk/src/rp2_common/pico_double/double_aeabi_dcp.S.o
                0x10002520                __wrap___aeabi_dcmple
 .text.__wrap___aeabi_dcmpge
                0x10002540       0x28 CMakeFiles/perigee.dir/home/lking/pico-sdk/src/rp2_common/pico_double/double_aeabi_dcp.S.o
                0x10002548                __wrap___aeabi_dcmpge
 .text.__wrap___aeabi_dcmpgt
                0x10002568       0x28 CMakeFiles/perigee.dir/home/lking/pico-sdk/src/rp2_common/pico_double/double_aeabi_dcp.S.o
                0x10002570                __wrap___aeabi_dcmpgt
 .text.__wrap_malloc
                0x10002590       0x24 CMakeFiles/perigee.dir/home/lking/pico-sdk/src/rp2_common/pico_malloc/malloc.c.o
                0x10002590                __wrap_malloc
 .text.__wrap_free
                0x100025b4        0x4 CMakeFiles/perigee.dir/home/lking/pico-sdk/src/rp2_common/pico_malloc/malloc.c.o
                0x100025b4                __wrap_free
 .text._out_null
                0x100025b8        0x4 CMakeFiles/perigee.dir/home/lking/pico-sdk/src/rp2_common/pico_printf/printf.c.o
 .text._out_rev
                0x100025bc       0x9c CMakeFiles/perigee.dir/home/lking/pico-sdk/src/rp2_common/pico_printf/printf.c.o
 .text._ntoa_format
                0x10002658      0x1d4 CMakeFiles/perigee.dir/home/lking/pico-sdk/src/rp2_common/pico_printf/printf.c.o
 .text._out_char
                0x1000282c        0x8 CMakeFiles/perigee.dir/home/lking/pico-sdk/src/rp2_common/pico_printf/printf.c.o
 .text._out_fct
                0x10002834        0xc CMakeFiles/perigee.dir/home/lking/pico-sdk/src/rp2_common/pico_printf/printf.c.o
 .text._ftoa    0x10002840      0x4bc CMakeFiles/perigee.dir/home/lking/pico-sdk/src/rp2_common/pico_printf/printf.c.o
 *fill*         0x10002cfc        0x4 
 .text._etoa    0x10002d00      0x574 CMakeFiles/perigee.dir/home/lking/pico-sdk/src/rp2_common/pico_printf/printf.c.o
 .text._vsnprintf
                0x10003274      0x9e4 CMakeFiles/perigee.dir/home/lking/pico-sdk/src/rp2_common/pico_printf/printf.c.o
 .text.vfctprintf
                0x10003c58       0x28 CMakeFiles/perigee.dir/home/lking/pico-sdk/src/rp2_common/pico_printf/printf.c.o
                0x10003c58                vfctprintf
 .text.weak_raw_vprintf
                0x10003c80       0x30 CMakeFiles/perigee.dir/home/lking/pico-sdk/src/rp2_common/pico_printf/printf.c.o
                0x10003c80                weak_raw_vprintf
 .text._exit    0x10003cb0        0x4 CMakeFiles/perigee.dir/home/lking/pico-sdk/src/rp2_common/pico_clib_interface/newlib_interface.c.o
                0x10003cb0                _exit
 .text._fini    0x10003cb4        0x4 CMakeFiles/perigee.dir/home/lking/pico-sdk/src/rp2_common/pico_clib_interface/newlib_interface.c.o
                0x10003cb4                _fini
 .text._sbrk    0x10003cb8       0x2c CMakeFiles/perigee.dir/home/lking/pico-sdk/src/rp2_common/pico_clib_interface/newlib_interface.c.o
                0x10003cb8                _sbrk
 .text.exit     0x10003ce4        0x8 CMakeFiles/perigee.dir/home/lking/pico-sdk/src/rp2_common/pico_clib_interface/newlib_interface.c.o
                0x10003ce4                exit
 .text.runtime_init
                0x10003cec       0x24 CMakeFiles/perigee.dir/home/lking/pico-sdk/src/rp2_common/pico_clib_interface/newlib_interface.c.o
                0x10003cec                runtime_init
 .text.stdio_out_chars_no_crlf
                0x10003d10        0x8 CMakeFiles/perigee.dir/home/lking/pico-sdk/src/rp2_common/pico_stdio/stdio.c.o
 .text.stdio_out_chars_crlf
                0x10003d18       0xb0 CMakeFiles/perigee.dir/home/lking/pico-sdk/src/rp2_common/pico_stdio/stdio.c.o
 .text.stdio_buffered_printer
                0x10003dc8       0x50 CMakeFiles/perigee.dir/home/lking/pico-sdk/src/rp2_common/pico_stdio/stdio.c.o
 .text.stdio_put_string
                0x10003e18       0xec CMakeFiles/perigee.dir/home/lking/pico-sdk/src/rp2_common/pico_stdio/stdio.c.o
                0x10003e18                stdio_put_string
 .text.stdio_set_driver_enabled
                0x10003f04       0x28 CMakeFiles/perigee.dir/home/lking/pico-sdk/src/rp2_common/pico_stdio/stdio.c.o
                0x10003f04                stdio_set_driver_enabled
 .text.stdio_init_all
                0x10003f2c        0x4 CMakeFiles/perigee.dir/home/lking/pico-sdk/src/rp2_common/pico_stdio/stdio.c.o
                0x10003f2c                stdio_init_all
 .text.__wrap_putchar
                0x10003f30       0x84 CMakeFiles/perigee.dir/home/lking/pico-sdk/src/rp2_common/pico_stdio/stdio.c.o
                0x10003f30                stdio_putchar
                0x10003f30                __wrap_putchar
 .text.__wrap_puts
                0x10003fb4       0x3c CMakeFiles/perigee.dir/home/lking/pico-sdk/src/rp2_common/pico_stdio/stdio.c.o
                0x10003fb4                __wrap_puts
                0x10003fb4                stdio_puts
 .text.__wrap_vprintf
                0x10003ff0       0xc4 CMakeFiles/perigee.dir/home/lking/pico-sdk/src/rp2_common/pico_stdio/stdio.c.o
                0x10003ff0                __wrap_vprintf
                0x10003ff0                stdio_vprintf
 .text.__wrap_printf
                0x100040b4       0x1c CMakeFiles/perigee.dir/home/lking/pico-sdk/src/rp2_common/pico_stdio/stdio.c.o
                0x100040b4                stdio_printf
                0x100040b4                __wrap_printf
 .text.stdio_usb_set_chars_available_callback
                0x100040d0       0x14 CMakeFiles/perigee.dir/home/lking/pico-sdk/src/rp2_common/pico_stdio_usb/stdio_usb.c.o
                0x100040d0                stdio_usb_set_chars_available_callback
 .text.timer_task
                0x100040e4       0x70 CMakeFiles/perigee.dir/home/lking/pico-sdk/src/rp2_common/pico_stdio_usb/stdio_usb.c.o
 .text.usb_irq  0x10004154        0xc CMakeFiles/perigee.dir/home/lking/pico-sdk/src/rp2_common/pico_stdio_usb/stdio_usb.c.o
 .text.stdio_usb_in_chars
                0x10004160       0x88 CMakeFiles/perigee.dir/home/lking/pico-sdk/src/rp2_common/pico_stdio_usb/stdio_usb.c.o
                0x10004160                stdio_usb_in_chars
 .text.stdio_usb_out_flush
                0x100041e8       0x54 CMakeFiles/perigee.dir/home/lking/pico-sdk/src/rp2_common/pico_stdio_usb/stdio_usb.c.o
 .text.stdio_usb_out_chars
                0x1000423c       0xf4 CMakeFiles/perigee.dir/home/lking/pico-sdk/src/rp2_common/pico_stdio_usb/stdio_usb.c.o
 .text.low_priority_worker_irq
                0x10004330       0xd8 CMakeFiles/perigee.dir/home/lking/pico-sdk/src/rp2_common/pico_stdio_usb/stdio_usb.c.o
 .text.stdio_usb_init
                0x10004408       0xe8 CMakeFiles/perigee.dir/home/lking/pico-sdk/src/rp2_common/pico_stdio_usb/stdio_usb.c.o
                0x10004408                stdio_usb_init
 .text.tud_descriptor_device_cb
                0x100044f0        0x8 CMakeFiles/perigee.dir/home/lking/pico-sdk/src/rp2_common/pico_stdio_usb/stdio_usb_descriptors.c.o
                0x100044f0                tud_descriptor_device_cb
 .text.tud_descriptor_configuration_cb
                0x100044f8        0x8 CMakeFiles/perigee.dir/home/lking/pico-sdk/src/rp2_common/pico_stdio_usb/stdio_usb_descriptors.c.o
                0x100044f8                tud_descriptor_configuration_cb
 .text.tud_descriptor_string_cb
                0x10004500       0x70 CMakeFiles/perigee.dir/home/lking/pico-sdk/src/rp2_common/pico_stdio_usb/stdio_usb_descriptors.c.o
                0x10004500                tud_descriptor_string_cb
 .text.startup._retrieve_unique_id_on_boot
                0x10004570       0x30 CMakeFiles/perigee.dir/home/lking/pico-sdk/src/rp2_common/pico_unique_id/unique_id.c.o
 .text.pico_get_unique_board_id_string
                0x100045a0      0x184 CMakeFiles/perigee.dir/home/lking/pico-sdk/src/rp2_common/pico_unique_id/unique_id.c.o
                0x100045a0                pico_get_unique_board_id_string
 .text.usb_reset_interface_init
                0x10004724        0x4 CMakeFiles/perigee.dir/home/lking/pico-sdk/src/rp2_common/pico_usb_reset/usb_reset.c.o
                0x10004724                usb_reset_interface_init
 .text.usb_reset_interface_reset
                0x10004728        0xc CMakeFiles/perigee.dir/home/lking/pico-sdk/src/rp2_common/pico_usb_reset/usb_reset.c.o
                0x10004728                usb_reset_interface_reset
 .text.usb_reset_interface_open
                0x10004734       0x28 CMakeFiles/perigee.dir/home/lking/pico-sdk/src/rp2_common/pico_usb_reset/usb_reset.c.o
                0x10004734                usb_reset_interface_open
 .text.usb_reset_interface_xfer_cb
                0x1000475c        0x4 CMakeFiles/perigee.dir/home/lking/pico-sdk/src/rp2_common/pico_usb_reset/usb_reset.c.o
                0x1000475c                usb_reset_interface_xfer_cb
 .text.usb_reset_interface_control_xfer_cb
                0x10004760       0x50 CMakeFiles/perigee.dir/home/lking/pico-sdk/src/rp2_common/pico_usb_reset/usb_reset.c.o
                0x10004760                usb_reset_interface_control_xfer_cb
 .text.tud_descriptor_bos_cb
                0x100047b0        0x8 CMakeFiles/perigee.dir/home/lking/pico-sdk/src/rp2_common/pico_usb_reset/usb_reset.c.o
                0x100047b0                tud_descriptor_bos_cb
 .text.tud_vendor_control_xfer_cb
                0x100047b8       0x28 CMakeFiles/perigee.dir/home/lking/pico-sdk/src/rp2_common/pico_usb_reset/usb_reset.c.o
                0x100047b8                tud_vendor_control_xfer_cb
 .text.usbd_app_driver_get_cb
                0x100047e0       0x10 CMakeFiles/perigee.dir/home/lking/pico-sdk/src/rp2_common/pico_usb_reset/usb_reset.c.o
                0x100047e0                usbd_app_driver_get_cb
 .text.tud_cdc_line_coding_cb
                0x100047f0       0x18 CMakeFiles/perigee.dir/home/lking/pico-sdk/src/rp2_common/pico_usb_reset/usb_reset.c.o
                0x100047f0                tud_cdc_line_coding_cb
 .text.dcd_init
                0x10004808       0x8c CMakeFiles/perigee.dir/home/lking/pico-sdk/lib/tinyusb/src/portable/raspberrypi/rp2040/dcd_rp2040.c.o
                0x10004808                dcd_init
 .text.dcd_int_enable
                0x10004894        0x8 CMakeFiles/perigee.dir/home/lking/pico-sdk/lib/tinyusb/src/portable/raspberrypi/rp2040/dcd_rp2040.c.o
                0x10004894                dcd_int_enable
 .text.dcd_set_address
                0x1000489c       0x10 CMakeFiles/perigee.dir/home/lking/pico-sdk/lib/tinyusb/src/portable/raspberrypi/rp2040/dcd_rp2040.c.o
                0x1000489c                dcd_set_address
 .text.dcd_sof_enable
                0x100048ac       0x1c CMakeFiles/perigee.dir/home/lking/pico-sdk/lib/tinyusb/src/portable/raspberrypi/rp2040/dcd_rp2040.c.o
                0x100048ac                dcd_sof_enable
 .text.dcd_edpt0_status_complete
                0x100048c8       0x1c CMakeFiles/perigee.dir/home/lking/pico-sdk/lib/tinyusb/src/portable/raspberrypi/rp2040/dcd_rp2040.c.o
                0x100048c8                dcd_edpt0_status_complete
 .text.dcd_edpt_open
                0x100048e4       0xf8 CMakeFiles/perigee.dir/home/lking/pico-sdk/lib/tinyusb/src/portable/raspberrypi/rp2040/dcd_rp2040.c.o
                0x100048e4                dcd_edpt_open
 .text.dcd_edpt_close_all
                0x100049dc        0x4 CMakeFiles/perigee.dir/home/lking/pico-sdk/lib/tinyusb/src/portable/raspberrypi/rp2040/dcd_rp2040.c.o
                0x100049dc                dcd_edpt_close_all
 .text.dcd_edpt_xfer
                0x100049e0       0x28 CMakeFiles/perigee.dir/home/lking/pico-sdk/lib/tinyusb/src/portable/raspberrypi/rp2040/dcd_rp2040.c.o
                0x100049e0                dcd_edpt_xfer
 .text.dcd_edpt_stall
                0x10004a08       0x30 CMakeFiles/perigee.dir/home/lking/pico-sdk/lib/tinyusb/src/portable/raspberrypi/rp2040/dcd_rp2040.c.o
                0x10004a08                dcd_edpt_stall
 .text.dcd_edpt_clear_stall
                0x10004a38       0x24 CMakeFiles/perigee.dir/home/lking/pico-sdk/lib/tinyusb/src/portable/raspberrypi/rp2040/dcd_rp2040.c.o
                0x10004a38                dcd_edpt_clear_stall
 .text.rp2040_usb_init
                0x10004a5c       0x40 CMakeFiles/perigee.dir/home/lking/pico-sdk/lib/tinyusb/src/portable/raspberrypi/rp2040/rp2040_usb.c.o
                0x10004a5c                rp2040_usb_init
 .text.hw_endpoint_xfer_start
                0x10004a9c       0x40 CMakeFiles/perigee.dir/home/lking/pico-sdk/lib/tinyusb/src/portable/raspberrypi/rp2040/rp2040_usb.c.o
                0x10004a9c                hw_endpoint_xfer_start
 .text.configuration_reset
                0x10004adc       0x8c CMakeFiles/perigee.dir/home/lking/pico-sdk/lib/tinyusb/src/device/usbd.c.o
 .text.tud_event_hook_cb
                0x10004b68        0x4 CMakeFiles/perigee.dir/home/lking/pico-sdk/lib/tinyusb/src/device/usbd.c.o
                0x10004b68                tud_event_hook_cb
 .text.tud_sof_cb
                0x10004b6c        0x4 CMakeFiles/perigee.dir/home/lking/pico-sdk/lib/tinyusb/src/device/usbd.c.o
                0x10004b6c                tud_sof_cb
 .text.tud_descriptor_device_qualifier_cb
                0x10004b70        0x4 CMakeFiles/perigee.dir/home/lking/pico-sdk/lib/tinyusb/src/device/usbd.c.o
                0x10004b70                tud_descriptor_device_qualifier_cb
 .text.tud_descriptor_other_speed_configuration_cb
                0x10004b74        0x4 CMakeFiles/perigee.dir/home/lking/pico-sdk/lib/tinyusb/src/device/usbd.c.o
                0x10004b74                tud_descriptor_other_speed_configuration_cb
 .text.tud_mount_cb
                0x10004b78        0x4 CMakeFiles/perigee.dir/home/lking/pico-sdk/lib/tinyusb/src/device/usbd.c.o
                0x10004b78                tud_mount_cb
 .text.tud_umount_cb
                0x10004b7c        0x4 CMakeFiles/perigee.dir/home/lking/pico-sdk/lib/tinyusb/src/device/usbd.c.o
                0x10004b7c                tud_umount_cb
 .text.tud_suspend_cb
                0x10004b80        0x4 CMakeFiles/perigee.dir/home/lking/pico-sdk/lib/tinyusb/src/device/usbd.c.o
                0x10004b80                tud_suspend_cb
 .text.tud_resume_cb
                0x10004b84        0x4 CMakeFiles/perigee.dir/home/lking/pico-sdk/lib/tinyusb/src/device/usbd.c.o
                0x10004b84                tud_resume_cb
 .text.tud_mounted
                0x10004b88       0x10 CMakeFiles/perigee.dir/home/lking/pico-sdk/lib/tinyusb/src/device/usbd.c.o
                0x10004b88                tud_mounted
 .text.tud_suspended
                0x10004b98       0x10 CMakeFiles/perigee.dir/home/lking/pico-sdk/lib/tinyusb/src/device/usbd.c.o
                0x10004b98                tud_suspended
 .text.tud_rhport_init
                0x10004ba8       0xf4 CMakeFiles/perigee.dir/home/lking/pico-sdk/lib/tinyusb/src/device/usbd.c.o
                0x10004ba8                tud_rhport_init
 .text.tud_task_ext
                0x10004c9c      0x760 CMakeFiles/perigee.dir/home/lking/pico-sdk/lib/tinyusb/src/device/usbd.c.o
                0x10004c9c                tud_task_ext
 .text.usbd_open_edpt_pair
                0x100053fc       0x9c CMakeFiles/perigee.dir/home/lking/pico-sdk/lib/tinyusb/src/device/usbd.c.o
                0x100053fc                usbd_open_edpt_pair
 .text.usbd_edpt_open
                0x10005498       0x44 CMakeFiles/perigee.dir/home/lking/pico-sdk/lib/tinyusb/src/device/usbd.c.o
                0x10005498                usbd_edpt_open
 .text.usbd_edpt_claim
                0x100054dc       0x24 CMakeFiles/perigee.dir/home/lking/pico-sdk/lib/tinyusb/src/device/usbd.c.o
                0x100054dc                usbd_edpt_claim
 .text.usbd_edpt_release
                0x10005500       0x24 CMakeFiles/perigee.dir/home/lking/pico-sdk/lib/tinyusb/src/device/usbd.c.o
                0x10005500                usbd_edpt_release
 .text.usbd_edpt_xfer
                0x10005524       0x70 CMakeFiles/perigee.dir/home/lking/pico-sdk/lib/tinyusb/src/device/usbd.c.o
                0x10005524                usbd_edpt_xfer
 .text.tud_control_status
                0x10005594       0x34 CMakeFiles/perigee.dir/home/lking/pico-sdk/lib/tinyusb/src/device/usbd_control.c.o
                0x10005594                tud_control_status
 .text.tud_control_xfer
                0x100055c8       0xb0 CMakeFiles/perigee.dir/home/lking/pico-sdk/lib/tinyusb/src/device/usbd_control.c.o
                0x100055c8                tud_control_xfer
 .text.usbd_control_reset
                0x10005678       0x14 CMakeFiles/perigee.dir/home/lking/pico-sdk/lib/tinyusb/src/device/usbd_control.c.o
                0x10005678                usbd_control_reset
 .text.usbd_control_set_complete_callback
                0x1000568c        0xc CMakeFiles/perigee.dir/home/lking/pico-sdk/lib/tinyusb/src/device/usbd_control.c.o
                0x1000568c                usbd_control_set_complete_callback
 .text.usbd_control_set_request
                0x10005698       0x1c CMakeFiles/perigee.dir/home/lking/pico-sdk/lib/tinyusb/src/device/usbd_control.c.o
                0x10005698                usbd_control_set_request
 .text.usbd_control_xfer_cb
                0x100056b4      0x100 CMakeFiles/perigee.dir/home/lking/pico-sdk/lib/tinyusb/src/device/usbd_control.c.o
                0x100056b4                usbd_control_xfer_cb
 .text._prep_out_transaction.isra.0
                0x100057b4       0x74 CMakeFiles/perigee.dir/home/lking/pico-sdk/lib/tinyusb/src/class/cdc/cdc_device.c.o
 .text.tud_cdc_n_connected
                0x10005828       0x2c CMakeFiles/perigee.dir/home/lking/pico-sdk/lib/tinyusb/src/class/cdc/cdc_device.c.o
                0x10005828                tud_cdc_n_connected
 .text.tud_cdc_n_available
                0x10005854       0x14 CMakeFiles/perigee.dir/home/lking/pico-sdk/lib/tinyusb/src/class/cdc/cdc_device.c.o
                0x10005854                tud_cdc_n_available
 .text.tud_cdc_n_read
                0x10005868       0x90 CMakeFiles/perigee.dir/home/lking/pico-sdk/lib/tinyusb/src/class/cdc/cdc_device.c.o
                0x10005868                tud_cdc_n_read
 .text.tud_cdc_n_write_flush
                0x100058f8       0x8c CMakeFiles/perigee.dir/home/lking/pico-sdk/lib/tinyusb/src/class/cdc/cdc_device.c.o
                0x100058f8                tud_cdc_n_write_flush
 .text.tud_cdc_n_write
                0x10005984       0x40 CMakeFiles/perigee.dir/home/lking/pico-sdk/lib/tinyusb/src/class/cdc/cdc_device.c.o
                0x10005984                tud_cdc_n_write
 .text.tud_cdc_n_write_available
                0x100059c4       0x14 CMakeFiles/perigee.dir/home/lking/pico-sdk/lib/tinyusb/src/class/cdc/cdc_device.c.o
                0x100059c4                tud_cdc_n_write_available
 .text.cdcd_init
                0x100059d8       0x70 CMakeFiles/perigee.dir/home/lking/pico-sdk/lib/tinyusb/src/class/cdc/cdc_device.c.o
                0x100059d8                cdcd_init
 .text.cdcd_deinit
                0x10005a48       0x30 CMakeFiles/perigee.dir/home/lking/pico-sdk/lib/tinyusb/src/class/cdc/cdc_device.c.o
                0x10005a48                cdcd_deinit
 .text.cdcd_reset
                0x10005a78       0x4c CMakeFiles/perigee.dir/home/lking/pico-sdk/lib/tinyusb/src/class/cdc/cdc_device.c.o
                0x10005a78                cdcd_reset
 .text.cdcd_open
                0x10005ac4       0xc0 CMakeFiles/perigee.dir/home/lking/pico-sdk/lib/tinyusb/src/class/cdc/cdc_device.c.o
                0x10005ac4                cdcd_open
 .text.cdcd_control_xfer_cb
                0x10005b84       0xc0 CMakeFiles/perigee.dir/home/lking/pico-sdk/lib/tinyusb/src/class/cdc/cdc_device.c.o
                0x10005b84                cdcd_control_xfer_cb
 .text.cdcd_xfer_cb
                0x10005c44       0xf8 CMakeFiles/perigee.dir/home/lking/pico-sdk/lib/tinyusb/src/class/cdc/cdc_device.c.o
                0x10005c44                cdcd_xfer_cb
 .text.tusb_rhport_init
                0x10005d3c       0x64 CMakeFiles/perigee.dir/home/lking/pico-sdk/lib/tinyusb/src/tusb.c.o
                0x10005d3c                tusb_rhport_init
 .text.tu_edpt_claim
                0x10005da0       0x54 CMakeFiles/perigee.dir/home/lking/pico-sdk/lib/tinyusb/src/tusb.c.o
                0x10005da0                tu_edpt_claim
 .text.tu_edpt_release
                0x10005df4       0x38 CMakeFiles/perigee.dir/home/lking/pico-sdk/lib/tinyusb/src/tusb.c.o
                0x10005df4                tu_edpt_release
 .text.tu_edpt_validate
                0x10005e2c       0x60 CMakeFiles/perigee.dir/home/lking/pico-sdk/lib/tinyusb/src/tusb.c.o
                0x10005e2c                tu_edpt_validate
 .text.tu_edpt_bind_driver
                0x10005e8c       0x58 CMakeFiles/perigee.dir/home/lking/pico-sdk/lib/tinyusb/src/tusb.c.o
                0x10005e8c                tu_edpt_bind_driver
 .text.tu_fifo_config
                0x10005ee4       0x60 CMakeFiles/perigee.dir/home/lking/pico-sdk/lib/tinyusb/src/common/tusb_fifo.c.o
                0x10005ee4                tu_fifo_config
 .text.tu_fifo_count
                0x10005f44       0x20 CMakeFiles/perigee.dir/home/lking/pico-sdk/lib/tinyusb/src/common/tusb_fifo.c.o
                0x10005f44                tu_fifo_count
 .text.tu_fifo_empty
                0x10005f64       0x14 CMakeFiles/perigee.dir/home/lking/pico-sdk/lib/tinyusb/src/common/tusb_fifo.c.o
                0x10005f64                tu_fifo_empty
 .text.tu_fifo_remaining
                0x10005f78       0x24 CMakeFiles/perigee.dir/home/lking/pico-sdk/lib/tinyusb/src/common/tusb_fifo.c.o
                0x10005f78                tu_fifo_remaining
 .text.tu_fifo_read
                0x10005f9c       0x94 CMakeFiles/perigee.dir/home/lking/pico-sdk/lib/tinyusb/src/common/tusb_fifo.c.o
                0x10005f9c                tu_fifo_read
 .text.tu_fifo_read_n
                0x10006030       0xd8 CMakeFiles/perigee.dir/home/lking/pico-sdk/lib/tinyusb/src/common/tusb_fifo.c.o
                0x10006030                tu_fifo_read_n
 .text.tu_fifo_write
                0x10006108       0xa4 CMakeFiles/perigee.dir/home/lking/pico-sdk/lib/tinyusb/src/common/tusb_fifo.c.o
                0x10006108                tu_fifo_write
 .text.tu_fifo_write_n
                0x100061ac      0x15c CMakeFiles/perigee.dir/home/lking/pico-sdk/lib/tinyusb/src/common/tusb_fifo.c.o
                0x100061ac                tu_fifo_write_n
 .text.tu_fifo_clear
                0x10006308       0x38 CMakeFiles/perigee.dir/home/lking/pico-sdk/lib/tinyusb/src/common/tusb_fifo.c.o
                0x10006308                tu_fifo_clear
 .text.tu_fifo_set_overwritable
                0x10006340       0x3c CMakeFiles/perigee.dir/home/lking/pico-sdk/lib/tinyusb/src/common/tusb_fifo.c.o
                0x10006340                tu_fifo_set_overwritable
 .text.i2c_read_blocking_internal.constprop.0
                0x1000637c       0x70 CMakeFiles/perigee.dir/home/lking/pico-sdk/src/rp2_common/hardware_i2c/i2c.c.o
 .text.i2c_write_blocking_internal.constprop.0
                0x100063ec       0x9c CMakeFiles/perigee.dir/home/lking/pico-sdk/src/rp2_common/hardware_i2c/i2c.c.o
 .text.i2c_set_baudrate
                0x10006488       0xa4 CMakeFiles/perigee.dir/home/lking/pico-sdk/src/rp2_common/hardware_i2c/i2c.c.o
                0x10006488                i2c_set_baudrate
 .text.i2c_init
                0x1000652c       0x4c CMakeFiles/perigee.dir/home/lking/pico-sdk/src/rp2_common/hardware_i2c/i2c.c.o
                0x1000652c                i2c_init
 .text.i2c_write_blocking
                0x10006578       0x10 CMakeFiles/perigee.dir/home/lking/pico-sdk/src/rp2_common/hardware_i2c/i2c.c.o
                0x10006578                i2c_write_blocking
 .text.i2c_read_blocking
                0x10006588       0x10 CMakeFiles/perigee.dir/home/lking/pico-sdk/src/rp2_common/hardware_i2c/i2c.c.o
                0x10006588                i2c_read_blocking
 .text.lfs_dir_traverse_filter
                0x10006598       0x70 CMakeFiles/perigee.dir/lib/littlefs-lib/lfs.c.o
 .text.lfs_dir_commit_size
                0x10006608       0x20 CMakeFiles/perigee.dir/lib/littlefs-lib/lfs.c.o
 .text.lfs_bd_read.part.0.constprop.0
                0x10006628      0x110 CMakeFiles/perigee.dir/lib/littlefs-lib/lfs.c.o
 .text.lfs_init
                0x10006738      0x104 CMakeFiles/perigee.dir/lib/littlefs-lib/lfs.c.o
 .text.lfs_bd_read
                0x1000683c      0x268 CMakeFiles/perigee.dir/lib/littlefs-lib/lfs.c.o
 .text.lfs_fs_parent_match
                0x10006aa4       0x48 CMakeFiles/perigee.dir/lib/littlefs-lib/lfs.c.o
 .text.lfs_dir_find_match
                0x10006aec       0xa4 CMakeFiles/perigee.dir/lib/littlefs-lib/lfs.c.o
 .text.lfs_ctz_traverse.part.0.constprop.0
                0x10006b90       0x9c CMakeFiles/perigee.dir/lib/littlefs-lib/lfs.c.o
 .text.lfs_ctz_find.constprop.0
                0x10006c2c       0xf4 CMakeFiles/perigee.dir/lib/littlefs-lib/lfs.c.o
 .text.lfs_bd_flush.constprop.0
                0x10006d20       0xcc CMakeFiles/perigee.dir/lib/littlefs-lib/lfs.c.o
 .text.lfs_bd_prog.constprop.1
                0x10006dec       0xa4 CMakeFiles/perigee.dir/lib/littlefs-lib/lfs.c.o
 .text.lfs_bd_prog.constprop.0
                0x10006e90       0xa4 CMakeFiles/perigee.dir/lib/littlefs-lib/lfs.c.o
 .text.lfs_dir_commitattr.constprop.0
                0x10006f34      0x2a0 CMakeFiles/perigee.dir/lib/littlefs-lib/lfs.c.o
 .text.lfs_dir_commitattr
                0x100071d4      0x1fc CMakeFiles/perigee.dir/lib/littlefs-lib/lfs.c.o
 .text.lfs_dir_commit_commit
                0x100073d0        0x8 CMakeFiles/perigee.dir/lib/littlefs-lib/lfs.c.o
 .text.lfs_dir_commitcrc
                0x100073d8      0x2dc CMakeFiles/perigee.dir/lib/littlefs-lib/lfs.c.o
 .text.lfs_dir_fetchmatch
                0x100076b4      0x714 CMakeFiles/perigee.dir/lib/littlefs-lib/lfs.c.o
 .text.lfs_dir_getgstate
                0x10007dc8      0x108 CMakeFiles/perigee.dir/lib/littlefs-lib/lfs.c.o
 .text.lfs_dir_getslice.constprop.2
                0x10007ed0      0x180 CMakeFiles/perigee.dir/lib/littlefs-lib/lfs.c.o
 .text.lfs_dir_getslice.constprop.0
                0x10008050      0x180 CMakeFiles/perigee.dir/lib/littlefs-lib/lfs.c.o
 .text.lfs_dir_getslice.constprop.1
                0x100081d0      0x170 CMakeFiles/perigee.dir/lib/littlefs-lib/lfs.c.o
 .text.lfs_fs_rawtraverse.constprop.0
                0x10008340      0x150 CMakeFiles/perigee.dir/lib/littlefs-lib/lfs.c.o
 .text.lfs_dir_find
                0x10008490      0x170 CMakeFiles/perigee.dir/lib/littlefs-lib/lfs.c.o
 .text.lfs_alloc
                0x10008600      0x5d0 CMakeFiles/perigee.dir/lib/littlefs-lib/lfs.c.o
 .text.lfs_dir_alloc
                0x10008bd0       0x8c CMakeFiles/perigee.dir/lib/littlefs-lib/lfs.c.o
 .text.lfs_file_relocate
                0x10008c5c      0x1f4 CMakeFiles/perigee.dir/lib/littlefs-lib/lfs.c.o
 .text.lfs_file_rawwrite
                0x10008e50      0x3c8 CMakeFiles/perigee.dir/lib/littlefs-lib/lfs.c.o
 .text.lfs_file_flush
                0x10009218      0x100 CMakeFiles/perigee.dir/lib/littlefs-lib/lfs.c.o
 .text.lfs_file_rawread
                0x10009318      0x2c8 CMakeFiles/perigee.dir/lib/littlefs-lib/lfs.c.o
 .text.lfs_dir_traverse.constprop.2
                0x100095e0      0x2d0 CMakeFiles/perigee.dir/lib/littlefs-lib/lfs.c.o
 .text.lfs_dir_traverse.constprop.1
                0x100098b0      0x318 CMakeFiles/perigee.dir/lib/littlefs-lib/lfs.c.o
 .text.lfs_dir_commit.constprop.0
                0x10009bc8      0x50c CMakeFiles/perigee.dir/lib/littlefs-lib/lfs.c.o
 .text.lfs_fs_deorphan
                0x1000a0d4      0x1b8 CMakeFiles/perigee.dir/lib/littlefs-lib/lfs.c.o
 .text.lfs_dir_commit
                0x1000a28c      0x810 CMakeFiles/perigee.dir/lib/littlefs-lib/lfs.c.o
 .text.lfs_dir_compact
                0x1000aa9c     0x1c40 CMakeFiles/perigee.dir/lib/littlefs-lib/lfs.c.o
 .text.lfs_file_rawopencfg
                0x1000c6dc      0x318 CMakeFiles/perigee.dir/lib/littlefs-lib/lfs.c.o
 *fill*         0x1000c9f4        0x4 
 .text.lfs_format
                0x1000c9f8      0x11c CMakeFiles/perigee.dir/lib/littlefs-lib/lfs.c.o
                0x1000c9f8                lfs_format
 .text.lfs_mount
                0x1000cb14      0x224 CMakeFiles/perigee.dir/lib/littlefs-lib/lfs.c.o
                0x1000cb14                lfs_mount
 .text.lfs_file_open
                0x1000cd38        0xc CMakeFiles/perigee.dir/lib/littlefs-lib/lfs.c.o
                0x1000cd38                lfs_file_open
 .text.lfs_file_close
                0x1000cd44       0xc4 CMakeFiles/perigee.dir/lib/littlefs-lib/lfs.c.o
                0x1000cd44                lfs_file_close
 .text.lfs_file_read
                0x1000ce08        0x4 CMakeFiles/perigee.dir/lib/littlefs-lib/lfs.c.o
                0x1000ce08                lfs_file_read
 .text.lfs_file_write
                0x1000ce0c        0x4 CMakeFiles/perigee.dir/lib/littlefs-lib/lfs.c.o
                0x1000ce0c                lfs_file_write
 .text.pico_hal_erase
                0x1000ce10       0x2c CMakeFiles/perigee.dir/lib/littlefs-lib/pico_hal.c.o
 .text.pico_hal_prog
                0x1000ce3c       0x30 CMakeFiles/perigee.dir/lib/littlefs-lib/pico_hal.c.o
 .text.pico_hal_read
                0x1000ce6c       0x28 CMakeFiles/perigee.dir/lib/littlefs-lib/pico_hal.c.o
 .text.pico_mount
                0x1000ce94       0x20 CMakeFiles/perigee.dir/lib/littlefs-lib/pico_hal.c.o
                0x1000ce94                pico_mount
 .text.pico_open
                0x1000ceb4       0x34 CMakeFiles/perigee.dir/lib/littlefs-lib/pico_hal.c.o
                0x1000ceb4                pico_open
 .text.pico_close
                0x1000cee8       0x14 CMakeFiles/perigee.dir/lib/littlefs-lib/pico_hal.c.o
                0x1000cee8                pico_close
 .text.pico_write
                0x1000cefc        0x4 CMakeFiles/perigee.dir/lib/littlefs-lib/pico_hal.c.o
                0x1000cefc                pico_write
 .text.pico_read
                0x1000cf00        0x4 CMakeFiles/perigee.dir/lib/littlefs-lib/pico_hal.c.o
                0x1000cf00                pico_read
 .text          0x1000cf04       0xd0 /usr/lib/gcc/arm-none-eabi/14.2.1/../../../arm-none-eabi/lib/thumb/v8-m.main+fp/softfp/libg.a(libc_a-strchr.o)
                0x1000cf04                strchr
 .text          0x1000cfd4       0x34 /usr/lib/gcc/arm-none-eabi/14.2.1/../../../arm-none-eabi/lib/thumb/v8-m.main+fp/softfp/libg.a(libc_a-strspn.o)
                0x1000cfd4                strspn
 .text          0x1000d008       0x3c /usr/lib/gcc/arm-none-eabi/14.2.1/../../../arm-none-eabi/lib/thumb/v8-m.main+fp/softfp/libg.a(libc_a-strcspn.o)
                0x1000d008                strcspn
 .text          0x1000d044       0x5c /usr/lib/gcc/arm-none-eabi/14.2.1/../../../arm-none-eabi/lib/thumb/v8-m.main+fp/softfp/libg.a(libc_a-strlen-stub.o)
                0x1000d044                strlen
 .text          0x1000d0a0      0x56c /usr/lib/gcc/arm-none-eabi/14.2.1/../../../arm-none-eabi/lib/thumb/v8-m.main+fp/softfp/libg.a(libc_a-mallocr.o)
                0x1000d0a0                _malloc_r
 .text          0x1000d60c       0x24 /usr/lib/gcc/arm-none-eabi/14.2.1/../../../arm-none-eabi/lib/thumb/v8-m.main+fp/softfp/libg.a(libc_a-sbrkr.o)
                0x1000d60c                _sbrk_r
 .text          0x1000d630      0x2a0 /usr/lib/gcc/arm-none-eabi/14.2.1/../../../arm-none-eabi/lib/thumb/v8-m.main+fp/softfp/libg.a(libc_a-freer.o)
                0x1000d630                _malloc_trim_r
                0x1000d6e8                _free_r
 .text          0x1000d8d0       0x20 /usr/lib/gcc/arm-none-eabi/14.2.1/../../../arm-none-eabi/lib/thumb/v8-m.main+fp/softfp/libg.a(libc_a-malloc.o)
                0x1000d8d0                malloc
                0x1000d8e0                free
 .text          0x1000d8f0        0x8 /usr/lib/gcc/arm-none-eabi/14.2.1/../../../arm-none-eabi/lib/thumb/v8-m.main+fp/softfp/libg.a(libc_a-mlock.o)
                0x1000d8f0                __malloc_lock
                0x1000d8f4                __malloc_unlock
 .text          0x1000d8f8       0x1c /usr/lib/gcc/arm-none-eabi/14.2.1/../../../arm-none-eabi/lib/thumb/v8-m.main+fp/softfp/libg.a(libc_a-sysconf.o)
                0x1000d8f8                sysconf
 .text          0x1000d914        0xc /usr/lib/gcc/arm-none-eabi/14.2.1/../../../arm-none-eabi/lib/thumb/v8-m.main+fp/softfp/libg.a(libc_a-errno.o)
                0x1000d914                __errno
 .text.__stub   0x1000d920       0x88 linker stubs
 *(.fini)
 *crtbegin.o(.ctors)
 *crtbegin?.o(.ctors)
 *(EXCLUDE_FILE(*crtend.o *crtend?.o) .ctors)
 *(SORT_BY_NAME(.ctors.*))
 *(.ctors)
 *crtbegin.o(.dtors)
 *crtbegin?.o(.dtors)
 *(EXCLUDE_FILE(*crtend.o *crtend?.o) .dtors)
 *(SORT_BY_NAME(.dtors.*))
 *(.dtors)
                0x1000d9a8                        . = ALIGN (0x4)
                [!provide]                        PROVIDE (__bothinit_array_start = .)
                0x1000d9a8                        PROVIDE (__preinit_array_start = .)
 *(SORT_BY_NAME(.preinit_array.*))
 .preinit_array.00050
                0x1000d9a8        0x4 CMakeFiles/perigee.dir/home/lking/pico-sdk/src/rp2_common/pico_runtime_init/runtime_init.c.o
                0x1000d9a8                __pre_init_runtime_init_bootrom_reset
 .preinit_array.00100
                0x1000d9ac        0x4 CMakeFiles/perigee.dir/home/lking/pico-sdk/src/rp2_common/pico_runtime_init/runtime_init.c.o
                0x1000d9ac                __pre_init_runtime_init_early_resets
 .preinit_array.00101
                0x1000d9b0        0x4 CMakeFiles/perigee.dir/home/lking/pico-sdk/src/rp2_common/pico_runtime_init/runtime_init.c.o
                0x1000d9b0                __pre_init_runtime_init_usb_power_down
 .preinit_array.00500
                0x1000d9b4        0x4 CMakeFiles/perigee.dir/home/lking/pico-sdk/src/rp2_common/pico_runtime_init/runtime_init.c.o
                0x1000d9b4                __pre_init_runtime_init_clocks
 .preinit_array.00600
                0x1000d9b8        0x4 CMakeFiles/perigee.dir/home/lking/pico-sdk/src/rp2_common/pico_runtime_init/runtime_init.c.o
                0x1000d9b8                __pre_init_runtime_init_post_clock_resets
 .preinit_array.01000
                0x1000d9bc        0x4 CMakeFiles/perigee.dir/home/lking/pico-sdk/src/rp2_common/hardware_boot_lock/boot_lock.c.o
                0x1000d9bc                __pre_init_runtime_init_boot_locks_reset
 .preinit_array.01000
                0x1000d9c0        0x4 CMakeFiles/perigee.dir/home/lking/pico-sdk/src/rp2_common/pico_runtime_init/runtime_init.c.o
                0x1000d9c0                __pre_init_runtime_init_spin_locks_reset
 .preinit_array.01010
                0x1000d9c4        0x4 CMakeFiles/perigee.dir/home/lking/pico-sdk/src/rp2_common/pico_bootrom/bootrom_lock.c.o
                0x1000d9c4                __pre_init_runtime_init_bootrom_locking_enable
 .preinit_array.01100
                0x1000d9c8        0x4 CMakeFiles/perigee.dir/home/lking/pico-sdk/src/common/pico_sync/mutex.c.o
                0x1000d9c8                __pre_init_runtime_init_mutex
 .preinit_array.10080
                0x1000d9cc        0x4 CMakeFiles/perigee.dir/home/lking/pico-sdk/src/rp2_common/pico_runtime_init/runtime_init.c.o
                0x1000d9cc                __pre_init_runtime_init_install_ram_vector_table
 .preinit_array.11000
                0x1000d9d0        0x4 CMakeFiles/perigee.dir/home/lking/pico-sdk/src/common/pico_time/time.c.o
                0x1000d9d0                __pre_init_runtime_init_default_alarm_pool
 .preinit_array.YYYYY
                0x1000d9d4        0x4 CMakeFiles/perigee.dir/home/lking/pico-sdk/src/rp2_common/pico_runtime/runtime.c.o
                0x1000d9d4                __pre_init_first_per_core_initializer
 .preinit_array.ZZZZZ.00051
                0x1000d9d8        0x4 CMakeFiles/perigee.dir/home/lking/pico-sdk/src/rp2_common/pico_runtime_init/runtime_init.c.o
                0x1000d9d8                __pre_init_runtime_init_per_core_bootrom_reset
 .preinit_array.ZZZZZ.00200
                0x1000d9dc        0x4 CMakeFiles/perigee.dir/home/lking/pico-sdk/src/rp2_common/pico_runtime_init/runtime_init.c.o
                0x1000d9dc                __pre_init_runtime_init_per_core_enable_coprocessors
 .preinit_array.ZZZZZ.01000
                0x1000d9e0        0x4 CMakeFiles/perigee.dir/home/lking/pico-sdk/src/rp2_common/hardware_sync_spin_lock/sync_spin_lock.c.o
                0x1000d9e0                __pre_init_spinlock_set_extexclall
 .preinit_array.ZZZZZ.01200
                0x1000d9e4        0x4 CMakeFiles/perigee.dir/home/lking/pico-sdk/src/rp2_common/hardware_irq/irq.c.o
                0x1000d9e4                __pre_init_runtime_init_per_core_irq_priorities
 *(.preinit_array)
                0x1000d9e8                        PROVIDE (__preinit_array_end = .)
                0x1000d9e8                        . = ALIGN (0x4)
                0x1000d9e8                        PROVIDE (__init_array_start = .)
 *(SORT_BY_NAME(.init_array.*))
 .init_array.01000
                0x1000d9e8        0x4 CMakeFiles/perigee.dir/home/lking/pico-sdk/src/rp2_common/pico_unique_id/unique_id.c.o
 *(.init_array)
                0x1000d9ec                        PROVIDE (__init_array_end = .)
                [!provide]                        PROVIDE (__bothinit_array_end = .)
                0x1000d9ec                        . = ALIGN (0x4)
                [!provide]                        PROVIDE (__fini_array_start = .)
 *(SORT_BY_NAME(.fini_array.*))
 *(.fini_array)
                [!provide]                        PROVIDE (__fini_array_end = .)
                [!provide]                        PROVIDE (__dso_handle = 0x0)
 *(.eh_frame*)
                0x1000d9ec                        . = ALIGN (0x4)

.glue_7         0x1000d9ec        0x0
 .glue_7        0x1000d9ec        0x0 linker stubs

.glue_7t        0x1000d9ec        0x0
 .glue_7t       0x1000d9ec        0x0 linker stubs

.vfp11_veneer   0x1000d9ec        0x0
 .vfp11_veneer  0x1000d9ec        0x0 linker stubs

.v4_bx          0x1000d9ec        0x0
 .v4_bx         0x1000d9ec        0x0 linker stubs

.iplt           0x1000d9ec        0x0
 .iplt          0x1000d9ec        0x0 CMakeFiles/perigee.dir/app/main.c.o

.boot2          0x1000d9ec        0x0
                0x1000d9ec                        __boot2_start__ = .
 *(.boot2)
                0x1000d9ec                        __boot2_end__ = .
                0x00000001                        ASSERT (((__boot2_end__ - __boot2_start__) <= 0x100), ERROR: Pico second stage bootloader must be no more than 256 bytes in size)

.rodata         0x1000d9f0      0xc10
 *(EXCLUDE_FILE(*libm.a: *lib*_a-mem*.o *libc.a: *libgcc.a:) .rodata*)
 .rodata.main.str1.4
                0x1000d9f0      0x977 CMakeFiles/perigee.dir/app/main.c.o
                                0x4b1 (size before relaxing)
 .rodata.panic.str1.4
                0x1000e367        0x0 CMakeFiles/perigee.dir/home/lking/pico-sdk/src/rp2_common/pico_platform_panic/panic.c.o
                                 0x11 (size before relaxing)
 .rodata.spin_lock_claim_unused.str1.4
                0x1000e367        0x0 CMakeFiles/perigee.dir/home/lking/pico-sdk/src/rp2_common/hardware_sync/sync.c.o
                                 0x1b (size before relaxing)
 .rodata.user_irq_claim_unused.str1.4
                0x1000e367        0x0 CMakeFiles/perigee.dir/home/lking/pico-sdk/src/rp2_common/hardware_irq/irq.c.o
                                 0x1b (size before relaxing)
 .rodata.timer_hardware_alarm_claim.str1.4
                0x1000e367        0x0 CMakeFiles/perigee.dir/home/lking/pico-sdk/src/rp2_common/hardware_timer/timer.c.o
                                 0x22 (size before relaxing)
 .rodata.hard_assertion_failure.str1.4
                0x1000e367        0x0 CMakeFiles/perigee.dir/home/lking/pico-sdk/src/rp2_common/pico_runtime/runtime.c.o
                                  0xc (size before relaxing)
 .rodata.__wrap_malloc.str1.4
                0x1000e367        0x0 CMakeFiles/perigee.dir/home/lking/pico-sdk/src/rp2_common/pico_malloc/malloc.c.o
                                  0xe (size before relaxing)
 .rodata.str1.4
                0x1000e367        0x0 CMakeFiles/perigee.dir/home/lking/pico-sdk/src/rp2_common/pico_standard_binary_info/standard_binary_info.c.o
                                 0x3c (size before relaxing)
 *fill*         0x1000e367        0x1 
 .rodata.__bi_84
                0x1000e368        0xc CMakeFiles/perigee.dir/home/lking/pico-sdk/src/rp2_common/pico_standard_binary_info/standard_binary_info.c.o
 .rodata.__bi_78
                0x1000e374        0xc CMakeFiles/perigee.dir/home/lking/pico-sdk/src/rp2_common/pico_standard_binary_info/standard_binary_info.c.o
 .rodata.__bi_54
                0x1000e380        0xc CMakeFiles/perigee.dir/home/lking/pico-sdk/src/rp2_common/pico_standard_binary_info/standard_binary_info.c.o
 .rodata.__bi_48
                0x1000e38c        0xc CMakeFiles/perigee.dir/home/lking/pico-sdk/src/rp2_common/pico_standard_binary_info/standard_binary_info.c.o
 .rodata.__bi_42
                0x1000e398        0xc CMakeFiles/perigee.dir/home/lking/pico-sdk/src/rp2_common/pico_standard_binary_info/standard_binary_info.c.o
 .rodata.__bi_34
                0x1000e3a4        0xc CMakeFiles/perigee.dir/home/lking/pico-sdk/src/rp2_common/pico_standard_binary_info/standard_binary_info.c.o
 .rodata.__bi_26
                0x1000e3b0        0xc CMakeFiles/perigee.dir/home/lking/pico-sdk/src/rp2_common/pico_standard_binary_info/standard_binary_info.c.o
 .rodata._ftoa.str1.4
                0x1000e3bc        0x0 CMakeFiles/perigee.dir/home/lking/pico-sdk/src/rp2_common/pico_printf/printf.c.o
                                 0x15 (size before relaxing)
 *fill*         0x1000e3bc        0x4 
 .rodata.pow10.0
                0x1000e3c0       0x50 CMakeFiles/perigee.dir/home/lking/pico-sdk/src/rp2_common/pico_printf/printf.c.o
 .rodata.crlf_str.0
                0x1000e410        0x2 CMakeFiles/perigee.dir/home/lking/pico-sdk/src/rp2_common/pico_stdio/stdio.c.o
 .rodata.str1.4
                0x1000e412        0x0 CMakeFiles/perigee.dir/home/lking/pico-sdk/src/rp2_common/pico_stdio_usb/stdio_usb.c.o
                                 0x13 (size before relaxing)
 *fill*         0x1000e412        0x2 
 .rodata.__bi_204.0
                0x1000e414        0xc CMakeFiles/perigee.dir/home/lking/pico-sdk/src/rp2_common/pico_stdio_usb/stdio_usb.c.o
 .rodata.str1.4
                0x1000e420        0x0 CMakeFiles/perigee.dir/home/lking/pico-sdk/src/rp2_common/pico_stdio_usb/stdio_usb_descriptors.c.o
                                 0x2a (size before relaxing)
 .rodata.usbd_desc_str
                0x1000e420       0x18 CMakeFiles/perigee.dir/home/lking/pico-sdk/src/rp2_common/pico_stdio_usb/stdio_usb_descriptors.c.o
 .rodata.usbd_desc_cfg
                0x1000e438       0x54 CMakeFiles/perigee.dir/home/lking/pico-sdk/src/rp2_common/pico_stdio_usb/stdio_usb_descriptors.c.o
 .rodata.usbd_desc_device
                0x1000e48c       0x12 CMakeFiles/perigee.dir/home/lking/pico-sdk/src/rp2_common/pico_stdio_usb/stdio_usb_descriptors.c.o
 *fill*         0x1000e49e        0x2 
 .rodata.desc_ms_os_20
                0x1000e4a0       0xa6 CMakeFiles/perigee.dir/home/lking/pico-sdk/src/rp2_common/pico_usb_reset/usb_reset.c.o
 *fill*         0x1000e546        0x2 
 .rodata.desc_bos
                0x1000e548       0x21 CMakeFiles/perigee.dir/home/lking/pico-sdk/src/rp2_common/pico_usb_reset/usb_reset.c.o
                0x1000e548                desc_bos
 *fill*         0x1000e569        0x3 
 .rodata.usb_reset_interface_driver
                0x1000e56c       0x20 CMakeFiles/perigee.dir/home/lking/pico-sdk/src/rp2_common/pico_usb_reset/usb_reset.c.o
 .rodata.str1.4
                0x1000e58c        0x0 CMakeFiles/perigee.dir/home/lking/pico-sdk/lib/tinyusb/src/portable/raspberrypi/rp2040/dcd_rp2040.c.o
                                 0x14 (size before relaxing)
 .rodata.str1.4
                0x1000e58c        0x0 CMakeFiles/perigee.dir/home/lking/pico-sdk/lib/tinyusb/src/portable/raspberrypi/rp2040/rp2040_usb.c.o
                                 0x48 (size before relaxing)
 .rodata._usbd_driver
                0x1000e58c       0x20 CMakeFiles/perigee.dir/home/lking/pico-sdk/lib/tinyusb/src/device/usbd.c.o
 .rodata.lfs_dir_fetchmatch.str1.4
                0x1000e5ac        0x0 CMakeFiles/perigee.dir/lib/littlefs-lib/lfs.c.o
                                 0x6d (size before relaxing)
 .rodata.lfs_dir_find.str1.4
                0x1000e5ac        0x0 CMakeFiles/perigee.dir/lib/littlefs-lib/lfs.c.o
                                  0x7 (size before relaxing)
 .rodata.lfs_alloc.str1.4
                0x1000e5ac        0x0 CMakeFiles/perigee.dir/lib/littlefs-lib/lfs.c.o
                                 0x27 (size before relaxing)
 .rodata.lfs_file_relocate.str1.4
                0x1000e5ac        0x0 CMakeFiles/perigee.dir/lib/littlefs-lib/lfs.c.o
                                 0x23 (size before relaxing)
 .rodata.lfs_fs_deorphan.str1.4
                0x1000e5ac        0x0 CMakeFiles/perigee.dir/lib/littlefs-lib/lfs.c.o
                                 0x74 (size before relaxing)
 .rodata.lfs_dir_compact.str1.4
                0x1000e5ac        0x0 CMakeFiles/perigee.dir/lib/littlefs-lib/lfs.c.o
                                 0xe6 (size before relaxing)
 .rodata.lfs_file_rawopencfg.str1.4
                0x1000e5ac        0x0 CMakeFiles/perigee.dir/lib/littlefs-lib/lfs.c.o
                                 0x31 (size before relaxing)
 .rodata.lfs_format.str1.4
                0x1000e5ac        0x0 CMakeFiles/perigee.dir/lib/littlefs-lib/lfs.c.o
                                  0x9 (size before relaxing)
 .rodata.lfs_mount.str1.4
                0x1000e5ac        0x0 CMakeFiles/perigee.dir/lib/littlefs-lib/lfs.c.o
                                 0xff (size before relaxing)
 .rodata.rtable.0
                0x1000e5ac       0x40 CMakeFiles/perigee.dir/lib/littlefs-lib/lfs.c.o
 .rodata.defaults.1
                0x1000e5ec        0xc CMakeFiles/perigee.dir/lib/littlefs-lib/lfs.c.o
 .rodata        0x1000e5f8        0x8 CMakeFiles/perigee.dir/lib/littlefs-lib/lfs.c.o
 *(.srodata*)
                0x1000e600                        . = ALIGN (0x4)
 *(SORT_BY_ALIGNMENT(SORT_BY_NAME(.flashdata*)))
                0x1000e600                        . = ALIGN (0x4)

.ARM.extab
 *(.ARM.extab* .gnu.linkonce.armextab.*)
                0x1000e600                        __exidx_start = .

.ARM.exidx      0x1000e600        0x8
 *(.ARM.exidx* .gnu.linkonce.armexidx.*)
 .ARM.exidx     0x1000e600        0x8 /usr/lib/gcc/arm-none-eabi/14.2.1/thumb/v8-m.main+fp/softfp/libgcc.a(_udivmoddi4.o)
 .ARM.exidx     0x1000e608        0x0 /usr/lib/gcc/arm-none-eabi/14.2.1/../../../arm-none-eabi/lib/thumb/v8-m.main+fp/softfp/libg.a(libc_a-memcpy.o)
                                  0x8 (size before relaxing)
                0x1000e608                        __exidx_end = .
                0x1000e608                        . = ALIGN (0x4)
                0x1000e608                        __binary_info_start = .

.binary_info    0x1000e608       0x20
 *(.binary_info.keep.*)
 .binary_info.keep.__bi_ptr84
                0x1000e608        0x4 CMakeFiles/perigee.dir/home/lking/pico-sdk/src/rp2_common/pico_standard_binary_info/standard_binary_info.c.o
 .binary_info.keep.__bi_ptr78
                0x1000e60c        0x4 CMakeFiles/perigee.dir/home/lking/pico-sdk/src/rp2_common/pico_standard_binary_info/standard_binary_info.c.o
 .binary_info.keep.__bi_ptr54
                0x1000e610        0x4 CMakeFiles/perigee.dir/home/lking/pico-sdk/src/rp2_common/pico_standard_binary_info/standard_binary_info.c.o
 .binary_info.keep.__bi_ptr48
                0x1000e614        0x4 CMakeFiles/perigee.dir/home/lking/pico-sdk/src/rp2_common/pico_standard_binary_info/standard_binary_info.c.o
 .binary_info.keep.__bi_ptr42
                0x1000e618        0x4 CMakeFiles/perigee.dir/home/lking/pico-sdk/src/rp2_common/pico_standard_binary_info/standard_binary_info.c.o
 .binary_info.keep.__bi_ptr34
                0x1000e61c        0x4 CMakeFiles/perigee.dir/home/lking/pico-sdk/src/rp2_common/pico_standard_binary_info/standard_binary_info.c.o
 .binary_info.keep.__bi_ptr26
                0x1000e620        0x4 CMakeFiles/perigee.dir/home/lking/pico-sdk/src/rp2_common/pico_standard_binary_info/standard_binary_info.c.o
 *(.binary_info.*)
 .binary_info.__bi_ptr204
                0x1000e624        0x4 CMakeFiles/perigee.dir/home/lking/pico-sdk/src/rp2_common/pico_stdio_usb/stdio_usb.c.o
                0x1000e628                        __binary_info_end = .
                0x1000e628                        . = ALIGN (0x4)

.psram_load     0x11000000        0x0 load address 0x1000e628
                0x11000000                        __psram_start__ = .
                0x11000000                        __psram_load_start__ = .
 *(SORT_BY_NAME(.psram_initialised.*))
                0x11000000                        . = ALIGN (0x4)
                0x11000000                        __psram_load_end__ = .
                0x1000e628                        __psram_load_source__ = LOADADDR (.psram_load)

.psram_noload   0x11000000        0x0 load address 0x1000e628
 *(SORT_BY_NAME(.psram_uninitialised.*))
                0x11000000                        . = ALIGN (0x4)
                0x11000000                        __psram_end__ = .

.xip_ram        0x13ffc000        0x0 load address 0x1000e628
                0x13ffc000                        __xip_ram_start__ = .
                0x13ffc000                        . = ALIGN (0x4)
 *(.xip_ram*)
                0x13ffc000                        . = ALIGN (0x4)
                0x13ffc000                        __xip_ram_end__ = .
                0x1000e628                        __xip_ram_source__ = LOADADDR (.xip_ram)

.ram_vector_table
                0x20000000      0x110
 *(.ram_vector_table)
 .ram_vector_table
                0x20000000      0x110 CMakeFiles/perigee.dir/home/lking/pico-sdk/src/rp2_common/pico_runtime_init/runtime_init.c.o
                0x20000000                ram_vector_table

.uninitialized_data
                0x20000110        0x0
                0x20000110                        . = ALIGN (0x4)
 *(.uninitialized_data*)

.data           0x20000110     0x1ee0 load address 0x1000e628
                0x20000110                        __data_start__ = .
 *(vtable)
 *(.time_critical*)
 .time_critical.mutex_try_enter
                0x20000110       0x50 CMakeFiles/perigee.dir/home/lking/pico-sdk/src/common/pico_sync/mutex.c.o
                0x20000110                mutex_try_enter
 .time_critical.mutex_enter_block_until
                0x20000160       0x94 CMakeFiles/perigee.dir/home/lking/pico-sdk/src/common/pico_sync/mutex.c.o
                0x20000160                mutex_enter_block_until
 .time_critical.mutex_try_enter_block_until
                0x200001f4       0x38 CMakeFiles/perigee.dir/home/lking/pico-sdk/src/common/pico_sync/mutex.c.o
                0x200001f4                mutex_try_enter_block_until
 .time_critical.mutex_enter_timeout_ms
                0x2000022c       0x38 CMakeFiles/perigee.dir/home/lking/pico-sdk/src/common/pico_sync/mutex.c.o
                0x2000022c                mutex_enter_timeout_ms
 .time_critical.mutex_exit
                0x20000264       0x48 CMakeFiles/perigee.dir/home/lking/pico-sdk/src/common/pico_sync/mutex.c.o
                0x20000264                mutex_exit
 .time_critical.flash_init_boot2_copyout
                0x200002ac       0x34 CMakeFiles/perigee.dir/home/lking/pico-sdk/src/rp2_common/hardware_flash/flash.c.o
 .time_critical.flash_enable_xip_via_boot2
                0x200002e0        0x8 CMakeFiles/perigee.dir/home/lking/pico-sdk/src/rp2_common/hardware_flash/flash.c.o
 .time_critical.flash_rp2350_save_qmi_cs1
                0x200002e8       0x14 CMakeFiles/perigee.dir/home/lking/pico-sdk/src/rp2_common/hardware_flash/flash.c.o
 .time_critical.flash_devinfo_ptr
                0x200002fc       0x14 CMakeFiles/perigee.dir/home/lking/pico-sdk/src/rp2_common/hardware_flash/flash.c.o
 .time_critical.flash_save_hardware_state
                0x20000310       0x30 CMakeFiles/perigee.dir/home/lking/pico-sdk/src/rp2_common/hardware_flash/flash.c.o
 .time_critical.flash_devinfo_get_cs_size
                0x20000340       0x18 CMakeFiles/perigee.dir/home/lking/pico-sdk/src/rp2_common/hardware_flash/flash.c.o
                0x20000340                flash_devinfo_get_cs_size
 .time_critical.flash_rp2350_restore_qmi_cs1
                0x20000358       0x3c CMakeFiles/perigee.dir/home/lking/pico-sdk/src/rp2_common/hardware_flash/flash.c.o
 .time_critical.flash_restore_hardware_state
                0x20000394       0x24 CMakeFiles/perigee.dir/home/lking/pico-sdk/src/rp2_common/hardware_flash/flash.c.o
 .time_critical.flash_range_erase
                0x200003b8       0xac CMakeFiles/perigee.dir/home/lking/pico-sdk/src/rp2_common/hardware_flash/flash.c.o
                0x200003b8                flash_range_erase
 .time_critical.flash_range_program
                0x20000464       0xa8 CMakeFiles/perigee.dir/home/lking/pico-sdk/src/rp2_common/hardware_flash/flash.c.o
                0x20000464                flash_range_program
 .time_critical.xip_cache_maintain
                0x2000050c       0x20 CMakeFiles/perigee.dir/home/lking/pico-sdk/src/rp2_common/hardware_xip_cache/xip_cache.c.o
 .time_critical.xip_cache_clean_all
                0x2000052c       0x10 CMakeFiles/perigee.dir/home/lking/pico-sdk/src/rp2_common/hardware_xip_cache/xip_cache.c.o
                0x2000052c                xip_cache_clean_all
 .time_critical.reset_non_control_endpoints
                0x2000053c       0x64 CMakeFiles/perigee.dir/home/lking/pico-sdk/lib/tinyusb/src/portable/raspberrypi/rp2040/dcd_rp2040.c.o
 .time_critical.hw_handle_buff_status
                0x200005a0       0x90 CMakeFiles/perigee.dir/home/lking/pico-sdk/lib/tinyusb/src/portable/raspberrypi/rp2040/dcd_rp2040.c.o
 .time_critical.dcd_rp2040_irq
                0x20000630      0x530 CMakeFiles/perigee.dir/home/lking/pico-sdk/lib/tinyusb/src/portable/raspberrypi/rp2040/dcd_rp2040.c.o
 .time_critical.prepare_ep_buffer
                0x20000b60       0xc0 CMakeFiles/perigee.dir/home/lking/pico-sdk/lib/tinyusb/src/portable/raspberrypi/rp2040/rp2040_usb.c.o
 .time_critical.sync_ep_buffer
                0x20000c20       0xb4 CMakeFiles/perigee.dir/home/lking/pico-sdk/lib/tinyusb/src/portable/raspberrypi/rp2040/rp2040_usb.c.o
 .time_critical._hw_endpoint_xfer_sync
                0x20000cd4       0x2c CMakeFiles/perigee.dir/home/lking/pico-sdk/lib/tinyusb/src/portable/raspberrypi/rp2040/rp2040_usb.c.o
 .time_critical.e15_is_bulkin_ep
                0x20000d00       0x28 CMakeFiles/perigee.dir/home/lking/pico-sdk/lib/tinyusb/src/portable/raspberrypi/rp2040/rp2040_usb.c.o
 .time_critical.e15_is_critical_frame_period
                0x20000d28       0x28 CMakeFiles/perigee.dir/home/lking/pico-sdk/lib/tinyusb/src/portable/raspberrypi/rp2040/rp2040_usb.c.o
 .time_critical.hw_endpoint_reset_transfer
                0x20000d50        0xc CMakeFiles/perigee.dir/home/lking/pico-sdk/lib/tinyusb/src/portable/raspberrypi/rp2040/rp2040_usb.c.o
                0x20000d50                hw_endpoint_reset_transfer
 .time_critical._hw_endpoint_buffer_control_update32
                0x20000d5c       0x44 CMakeFiles/perigee.dir/home/lking/pico-sdk/lib/tinyusb/src/portable/raspberrypi/rp2040/rp2040_usb.c.o
                0x20000d5c                _hw_endpoint_buffer_control_update32
 .time_critical.hw_endpoint_start_next_buffer
                0x20000da0       0x64 CMakeFiles/perigee.dir/home/lking/pico-sdk/lib/tinyusb/src/portable/raspberrypi/rp2040/rp2040_usb.c.o
                0x20000da0                hw_endpoint_start_next_buffer
 .time_critical.hw_endpoint_xfer_continue
                0x20000e04       0x3c CMakeFiles/perigee.dir/home/lking/pico-sdk/lib/tinyusb/src/portable/raspberrypi/rp2040/rp2040_usb.c.o
                0x20000e04                hw_endpoint_xfer_continue
 .time_critical.tinyusb
                0x20000e40      0x218 CMakeFiles/perigee.dir/home/lking/pico-sdk/lib/tinyusb/src/device/usbd.c.o
                0x20000e40                dcd_event_handler
 *(.text*)
 .text          0x20001058      0x378 /usr/lib/gcc/arm-none-eabi/14.2.1/thumb/v8-m.main+fp/softfp/libgcc.a(_arm_addsubdf3.o)
                0x20001058                __aeabi_drsub
                0x20001060                __aeabi_dsub
                0x20001060                __subdf3
                0x20001064                __adddf3
                0x20001064                __aeabi_dadd
                0x200012dc                __aeabi_ui2d
                0x200012dc                __floatunsidf
                0x200012fc                __floatsidf
                0x200012fc                __aeabi_i2d
                0x20001320                __extendsfdf2
                0x20001320                __aeabi_f2d
                0x20001364                __aeabi_ul2d
                0x20001364                __floatundidf
                0x20001374                __floatdidf
                0x20001374                __aeabi_l2d
 .text          0x200013d0       0x30 /usr/lib/gcc/arm-none-eabi/14.2.1/thumb/v8-m.main+fp/softfp/libgcc.a(_aeabi_uldivmod.o)
                0x200013d0                __aeabi_uldivmod
 .text          0x20001400       0x28 /usr/lib/gcc/arm-none-eabi/14.2.1/thumb/v8-m.main+fp/softfp/libgcc.a(_popcountsi2.o)
                0x20001400                __popcountsi2
 .text          0x20001428      0x34c /usr/lib/gcc/arm-none-eabi/14.2.1/thumb/v8-m.main+fp/softfp/libgcc.a(_udivmoddi4.o)
                0x20001428                __udivmoddi4
 .text          0x20001774        0x4 /usr/lib/gcc/arm-none-eabi/14.2.1/thumb/v8-m.main+fp/softfp/libgcc.a(_dvmd_tls.o)